Component: ARM Compiler 5.06 update 4 (build 422) Tool: armlink [4d35d2]

==============================================================================

Section Cross References

    startup_stm32f10x_hd.o(RESET) refers to startup_stm32f10x_hd.o(STACK) for __initial_sp
    startup_stm32f10x_hd.o(RESET) refers to startup_stm32f10x_hd.o(.text) for Reset_Handler
    startup_stm32f10x_hd.o(RESET) refers to stm32f10x_it.o(i.NMI_Handler) for NMI_Handler
    startup_stm32f10x_hd.o(RESET) refers to stm32f10x_it.o(i.HardFault_Handler) for HardFault_Handler
    startup_stm32f10x_hd.o(RESET) refers to stm32f10x_it.o(i.MemManage_Handler) for MemManage_Handler
    startup_stm32f10x_hd.o(RESET) refers to stm32f10x_it.o(i.BusFault_Handler) for BusFault_Handler
    startup_stm32f10x_hd.o(RESET) refers to stm32f10x_it.o(i.UsageFault_Handler) for UsageFault_Handler
    startup_stm32f10x_hd.o(RESET) refers to stm32f10x_it.o(i.SVC_Handler) for SVC_Handler
    startup_stm32f10x_hd.o(RESET) refers to stm32f10x_it.o(i.DebugMon_Handler) for DebugMon_Handler
    startup_stm32f10x_hd.o(RESET) refers to stm32f10x_it.o(i.PendSV_Handler) for PendSV_Handler
    startup_stm32f10x_hd.o(RESET) refers to stm32f10x_it.o(i.SysTick_Handler) for SysTick_Handler
    startup_stm32f10x_hd.o(RESET) refers to stm32f10x_it.o(i.SDIO_IRQHandler) for SDIO_IRQHandler
    startup_stm32f10x_hd.o(.text) refers to system_stm32f10x.o(i.SystemInit) for SystemInit
    startup_stm32f10x_hd.o(.text) refers to entry.o(.ARM.Collect$$$$00000000) for __main
    main.o(i.NVIC_Configuration) refers to misc.o(i.NVIC_PriorityGroupConfig) for NVIC_PriorityGroupConfig
    main.o(i.NVIC_Configuration) refers to misc.o(i.NVIC_Init) for NVIC_Init
    main.o(i.SD_EraseTest) refers to stm32_eval_sdio_sd.o(i.SD_Erase) for SD_Erase
    main.o(i.SD_EraseTest) refers to stm32_eval_sdio_sd.o(i.SD_ReadMultiBlocks) for SD_ReadMultiBlocks
    main.o(i.SD_EraseTest) refers to stm32_eval_sdio_sd.o(i.SD_WaitReadOperation) for SD_WaitReadOperation
    main.o(i.SD_EraseTest) refers to stm32_eval_sdio_sd.o(i.SD_GetStatus) for SD_GetStatus
    main.o(i.SD_EraseTest) refers to main.o(i.eBuffercmp) for eBuffercmp
    main.o(i.SD_EraseTest) refers to main.o(.data) for Status
    main.o(i.SD_EraseTest) refers to main.o(.bss) for Buffer_MultiBlock_Rx
    main.o(i.SD_MultiBlockTest) refers to main.o(i.Fill_Buffer) for Fill_Buffer
    main.o(i.SD_MultiBlockTest) refers to stm32_eval_sdio_sd.o(i.SD_WriteMultiBlocks) for SD_WriteMultiBlocks
    main.o(i.SD_MultiBlockTest) refers to stm32_eval_sdio_sd.o(i.SD_WaitWriteOperation) for SD_WaitWriteOperation
    main.o(i.SD_MultiBlockTest) refers to stm32_eval_sdio_sd.o(i.SD_GetStatus) for SD_GetStatus
    main.o(i.SD_MultiBlockTest) refers to stm32_eval_sdio_sd.o(i.SD_ReadMultiBlocks) for SD_ReadMultiBlocks
    main.o(i.SD_MultiBlockTest) refers to stm32_eval_sdio_sd.o(i.SD_WaitReadOperation) for SD_WaitReadOperation
    main.o(i.SD_MultiBlockTest) refers to printf2.o(i.__0printf$2) for __2printf
    main.o(i.SD_MultiBlockTest) refers to main.o(i.Buffercmp) for Buffercmp
    main.o(i.SD_MultiBlockTest) refers to main.o(.bss) for Buffer_MultiBlock_Tx
    main.o(i.SD_MultiBlockTest) refers to main.o(.data) for Status
    main.o(i.SD_SingleBlockTest) refers to main.o(i.Fill_Buffer) for Fill_Buffer
    main.o(i.SD_SingleBlockTest) refers to stm32_eval_sdio_sd.o(i.SD_WriteBlock) for SD_WriteBlock
    main.o(i.SD_SingleBlockTest) refers to stm32_eval_sdio_sd.o(i.SD_WaitWriteOperation) for SD_WaitWriteOperation
    main.o(i.SD_SingleBlockTest) refers to stm32_eval_sdio_sd.o(i.SD_GetStatus) for SD_GetStatus
    main.o(i.SD_SingleBlockTest) refers to stm32_eval_sdio_sd.o(i.SD_ReadBlock) for SD_ReadBlock
    main.o(i.SD_SingleBlockTest) refers to stm32_eval_sdio_sd.o(i.SD_WaitReadOperation) for SD_WaitReadOperation
    main.o(i.SD_SingleBlockTest) refers to main.o(i.Buffercmp) for Buffercmp
    main.o(i.SD_SingleBlockTest) refers to main.o(.bss) for Buffer_Block_Tx
    main.o(i.SD_SingleBlockTest) refers to main.o(.data) for Status
    main.o(i.main) refers to main.o(i.NVIC_Configuration) for NVIC_Configuration
    main.o(i.main) refers to usart.o(i.ConfigurePrintf) for ConfigurePrintf
    main.o(i.main) refers to stm32_eval_sdio_sd.o(i.SD_Init) for SD_Init
    main.o(i.main) refers to main.o(i.SD_EraseTest) for SD_EraseTest
    main.o(i.main) refers to main.o(i.SD_MultiBlockTest) for SD_MultiBlockTest
    main.o(i.main) refers to stm32_eval_sdio_sd.o(i.SD_Detect) for SD_Detect
    main.o(i.main) refers to main.o(.data) for Status
    usart.o(i.ConfigurePrintf) refers to stm32f10x_rcc.o(i.RCC_APB1PeriphClockCmd) for RCC_APB1PeriphClockCmd
    usart.o(i.ConfigurePrintf) refers to stm32f10x_rcc.o(i.RCC_APB2PeriphClockCmd) for RCC_APB2PeriphClockCmd
    usart.o(i.ConfigurePrintf) refers to stm32f10x_gpio.o(i.GPIO_StructInit) for GPIO_StructInit
    usart.o(i.ConfigurePrintf) refers to stm32f10x_gpio.o(i.GPIO_Init) for GPIO_Init
[...]
    stm32_eval_sdio_sd.o(i.SD_PowerON) refers to stm32f10x_sdio.o(i.SDIO_ClockCmd) for SDIO_ClockCmd
    stm32_eval_sdio_sd.o(i.SD_PowerON) refers to stm32f10x_sdio.o(i.SDIO_SendCommand) for SDIO_SendCommand
    stm32_eval_sdio_sd.o(i.SD_PowerON) refers to stm32_eval_sdio_sd.o(i.CmdError) for CmdError
    stm32_eval_sdio_sd.o(i.SD_PowerON) refers to stm32_eval_sdio_sd.o(i.CmdResp7Error) for CmdResp7Error
    stm32_eval_sdio_sd.o(i.SD_PowerON) refers to stm32_eval_sdio_sd.o(i.CmdResp1Error) for CmdResp1Error
    stm32_eval_sdio_sd.o(i.SD_PowerON) refers to stm32_eval_sdio_sd.o(i.CmdResp3Error) for CmdResp3Error
    stm32_eval_sdio_sd.o(i.SD_PowerON) refers to stm32f10x_sdio.o(i.SDIO_GetResponse) for SDIO_GetResponse
    stm32_eval_sdio_sd.o(i.SD_PowerON) refers to stm32_eval_sdio_sd.o(.bss) for SDIO_InitStructure
    stm32_eval_sdio_sd.o(i.SD_PowerON) refers to stm32_eval_sdio_sd.o(.data) for CardType
    stm32_eval_sdio_sd.o(i.SD_ProcessIRQSrc) refers to stm32_eval_sdio_sd.o(i.CmdResp1Error) for CmdResp1Error
    stm32_eval_sdio_sd.o(i.SD_ProcessIRQSrc) refers to stm32f10x_sdio.o(i.SDIO_ClearITPendingBit) for SDIO_ClearITPendingBit
    stm32_eval_sdio_sd.o(i.SD_ProcessIRQSrc) refers to stm32f10x_sdio.o(i.SDIO_ITConfig) for SDIO_ITConfig
    stm32_eval_sdio_sd.o(i.SD_ProcessIRQSrc) refers to stm32_eval_sdio_sd.o(.data) for StopCondition
    stm32_eval_sdio_sd.o(i.SD_ReadBlock) refers to stm32f10x_sdio.o(i.SDIO_DataConfig) for SDIO_DataConfig
    stm32_eval_sdio_sd.o(i.SD_ReadBlock) refers to stm32f10x_sdio.o(i.SDIO_SendCommand) for SDIO_SendCommand
    stm32_eval_sdio_sd.o(i.SD_ReadBlock) refers to stm32_eval_sdio_sd.o(i.CmdResp1Error) for CmdResp1Error
    stm32_eval_sdio_sd.o(i.SD_ReadBlock) refers to stm32f10x_sdio.o(i.SDIO_ITConfig) for SDIO_ITConfig
    stm32_eval_sdio_sd.o(i.SD_ReadBlock) refers to stm32f10x_sdio.o(i.SDIO_DMACmd) for SDIO_DMACmd
    stm32_eval_sdio_sd.o(i.SD_ReadBlock) refers to dksd.o(i.SD_LowLevel_DMA_RxConfig) for SD_LowLevel_DMA_RxConfig
    stm32_eval_sdio_sd.o(i.SD_ReadBlock) refers to stm32_eval_sdio_sd.o(.data) for TransferError
    stm32_eval_sdio_sd.o(i.SD_ReadBlock) refers to stm32_eval_sdio_sd.o(.bss) for SDIO_DataInitStructure
    stm32_eval_sdio_sd.o(i.SD_ReadMultiBlocks) refers to stm32f10x_sdio.o(i.SDIO_SendCommand) for SDIO_SendCommand
    stm32_eval_sdio_sd.o(i.SD_ReadMultiBlocks) refers to stm32_eval_sdio_sd.o(i.CmdResp1Error) for CmdResp1Error
    stm32_eval_sdio_sd.o(i.SD_ReadMultiBlocks) refers to stm32f10x_sdio.o(i.SDIO_DataConfig) for SDIO_DataConfig
    stm32_eval_sdio_sd.o(i.SD_ReadMultiBlocks) refers to stm32f10x_sdio.o(i.SDIO_ITConfig) for SDIO_ITConfig
    stm32_eval_sdio_sd.o(i.SD_ReadMultiBlocks) refers to stm32f10x_sdio.o(i.SDIO_DMACmd) for SDIO_DMACmd
    stm32_eval_sdio_sd.o(i.SD_ReadMultiBlocks) refers to dksd.o(i.SD_LowLevel_DMA_RxConfig) for SD_LowLevel_DMA_RxConfig
    stm32_eval_sdio_sd.o(i.SD_ReadMultiBlocks) refers to stm32_eval_sdio_sd.o(.data) for TransferError
    stm32_eval_sdio_sd.o(i.SD_ReadMultiBlocks) refers to stm32_eval_sdio_sd.o(.bss) for SDIO_CmdInitStructure
    stm32_eval_sdio_sd.o(i.SD_SelectDeselect) refers to stm32f10x_sdio.o(i.SDIO_SendCommand) for SDIO_SendCommand
    stm32_eval_sdio_sd.o(i.SD_SelectDeselect) refers to stm32_eval_sdio_sd.o(i.CmdResp1Error) for CmdResp1Error
    stm32_eval_sdio_sd.o(i.SD_SelectDeselect) refers to stm32_eval_sdio_sd.o(.bss) for SDIO_CmdInitStructure
    stm32_eval_sdio_sd.o(i.SD_SendSDStatus) refers to stm32f10x_sdio.o(i.SDIO_GetResponse) for SDIO_GetResponse
    stm32_eval_sdio_sd.o(i.SD_SendSDStatus) refers to stm32f10x_sdio.o(i.SDIO_SendCommand) for SDIO_SendCommand
    stm32_eval_sdio_sd.o(i.SD_SendSDStatus) refers to stm32_eval_sdio_sd.o(i.CmdResp1Error) for CmdResp1Error
    stm32_eval_sdio_sd.o(i.SD_SendSDStatus) refers to stm32f10x_sdio.o(i.SDIO_DataConfig) for SDIO_DataConfig
    stm32_eval_sdio_sd.o(i.SD_SendSDStatus) refers to stm32f10x_sdio.o(i.SDIO_GetFlagStatus) for SDIO_GetFlagStatus
    stm32_eval_sdio_sd.o(i.SD_SendSDStatus) refers to stm32f10x_sdio.o(i.SDIO_ReadData) for SDIO_ReadData
    stm32_eval_sdio_sd.o(i.SD_SendSDStatus) refers to stm32f10x_sdio.o(i.SDIO_ClearFlag) for SDIO_ClearFlag
    stm32_eval_sdio_sd.o(i.SD_SendSDStatus) refers to stm32_eval_sdio_sd.o(.bss) for SDIO_CmdInitStructure
    stm32_eval_sdio_sd.o(i.SD_SendSDStatus) refers to stm32_eval_sdio_sd.o(.data) for RCA
    stm32_eval_sdio_sd.o(i.SD_SendStatus) refers to stm32_eval_sdio_sd.o(i.CmdResp1Error) for CmdResp1Error
    stm32_eval_sdio_sd.o(i.SD_SendStatus) refers to stm32_eval_sdio_sd.o(.data) for RCA
    stm32_eval_sdio_sd.o(i.SD_StopTransfer) refers to stm32_eval_sdio_sd.o(i.CmdResp1Error) for CmdResp1Error
    stm32_eval_sdio_sd.o(i.SD_WaitReadOperation) refers to dksd.o(i.SD_DMAEndOfTransferStatus) for SD_DMAEndOfTransferStatus
    stm32_eval_sdio_sd.o(i.SD_WaitReadOperation) refers to stm32_eval_sdio_sd.o(.data) for TransferEnd
    stm32_eval_sdio_sd.o(i.SD_WaitWriteOperation) refers to dksd.o(i.SD_DMAEndOfTransferStatus) for SD_DMAEndOfTransferStatus
    stm32_eval_sdio_sd.o(i.SD_WaitWriteOperation) refers to stm32f10x_sdio.o(i.SDIO_ClearFlag) for SDIO_ClearFlag
    stm32_eval_sdio_sd.o(i.SD_WaitWriteOperation) refers to stm32_eval_sdio_sd.o(.data) for TransferEnd
    stm32_eval_sdio_sd.o(i.SD_WriteBlock) refers to stm32f10x_sdio.o(i.SDIO_SendCommand) for SDIO_SendCommand
    stm32_eval_sdio_sd.o(i.SD_WriteBlock) refers to stm32_eval_sdio_sd.o(i.CmdResp1Error) for CmdResp1Error
    stm32_eval_sdio_sd.o(i.SD_WriteBlock) refers to stm32f10x_sdio.o(i.SDIO_DataConfig) for SDIO_DataConfig
    stm32_eval_sdio_sd.o(i.SD_WriteBlock) refers to stm32f10x_sdio.o(i.SDIO_ITConfig) for SDIO_ITConfig
    stm32_eval_sdio_sd.o(i.SD_WriteBlock) refers to dksd.o(i.SD_LowLevel_DMA_TxConfig) for SD_LowLevel_DMA_TxConfig
    stm32_eval_sdio_sd.o(i.SD_WriteBlock) refers to stm32f10x_sdio.o(i.SDIO_DMACmd) for SDIO_DMACmd
    stm32_eval_sdio_sd.o(i.SD_WriteBlock) refers to stm32_eval_sdio_sd.o(.data) for TransferError
    stm32_eval_sdio_sd.o(i.SD_WriteBlock) refers to stm32_eval_sdio_sd.o(.bss) for SDIO_CmdInitStructure
    stm32_eval_sdio_sd.o(i.SD_WriteMultiBlocks) refers to stm32f10x_sdio.o(i.SDIO_SendCommand) for SDIO_SendCommand
    stm32_eval_sdio_sd.o(i.SD_WriteMultiBlocks) refers to stm32_eval_sdio_sd.o(i.CmdResp1Error) for CmdResp1Error
    stm32_eval_sdio_sd.o(i.SD_WriteMultiBlocks) refers to stm32f10x_sdio.o(i.SDIO_DataConfig) for SDIO_DataConfig
    stm32_eval_sdio_sd.o(i.SD_WriteMultiBlocks) refers to stm32f10x_sdio.o(i.SDIO_ITConfig) for SDIO_ITConfig
    stm32_eval_sdio_sd.o(i.SD_WriteMultiBlocks) refers to stm32f10x_sdio.o(i.SDIO_DMACmd) for SDIO_DMACmd
    stm32_eval_sdio_sd.o(i.SD_WriteMultiBlocks) refers to dksd.o(i.SD_LowLevel_DMA_TxConfig) for SD_LowLevel_DMA_TxConfig
    stm32_eval_sdio_sd.o(i.SD_WriteMultiBlocks) refers to stm32_eval_sdio_sd.o(.data) for TransferError
    stm32_eval_sdio_sd.o(i.SD_WriteMultiBlocks) refers to stm32_eval_sdio_sd.o(.bss) for SDIO_CmdInitStructure
    stm32f10x_it.o(i.SDIO_IRQHandler) refers to stm32_eval_sdio_sd.o(i.SD_ProcessIRQSrc) for SD_ProcessIRQSrc
    dksd.o(i.SD_DMAEndOfTransferStatus) refers to stm32f10x_dma.o(i.DMA_GetFlagStatus) for DMA_GetFlagStatus
    dksd.o(i.SD_LowLevel_DMA_RxConfig) refers to stm32f10x_dma.o(i.DMA_ClearFlag) for DMA_ClearFlag
    dksd.o(i.SD_LowLevel_DMA_RxConfig) refers to stm32f10x_dma.o(i.DMA_Cmd) for DMA_Cmd
    dksd.o(i.SD_LowLevel_DMA_RxConfig) refers to stm32f10x_dma.o(i.DMA_Init) for DMA_Init
    dksd.o(i.SD_LowLevel_DMA_TxConfig) refers to stm32f10x_dma.o(i.DMA_ClearFlag) for DMA_ClearFlag
    dksd.o(i.SD_LowLevel_DMA_TxConfig) refers to stm32f10x_dma.o(i.DMA_Cmd) for DMA_Cmd
    dksd.o(i.SD_LowLevel_DMA_TxConfig) refers to stm32f10x_dma.o(i.DMA_Init) for DMA_Init
    dksd.o(i.SD_LowLevel_DeInit) refers to stm32f10x_sdio.o(i.SDIO_ClockCmd) for SDIO_ClockCmd
    dksd.o(i.SD_LowLevel_DeInit) refers to stm32f10x_sdio.o(i.SDIO_SetPowerState) for SDIO_SetPowerState
    dksd.o(i.SD_LowLevel_DeInit) refers to stm32f10x_sdio.o(i.SDIO_DeInit) for SDIO_DeInit
    dksd.o(i.SD_LowLevel_DeInit) refers to stm32f10x_rcc.o(i.RCC_AHBPeriphClockCmd) for RCC_AHBPeriphClockCmd
    dksd.o(i.SD_LowLevel_DeInit) refers to stm32f10x_gpio.o(i.GPIO_Init) for GPIO_Init
    dksd.o(i.SD_LowLevel_Init) refers to stm32f10x_rcc.o(i.RCC_APB2PeriphClockCmd) for RCC_APB2PeriphClockCmd
    dksd.o(i.SD_LowLevel_Init) refers to stm32f10x_gpio.o(i.GPIO_Init) for GPIO_Init
    dksd.o(i.SD_LowLevel_Init) refers to stm32f10x_rcc.o(i.RCC_AHBPeriphClockCmd) for RCC_AHBPeriphClockCmd
    system_stm32f10x.o(i.SetSysClock) refers to system_stm32f10x.o(i.SetSysClockTo72) for SetSysClockTo72
    system_stm32f10x.o(i.SystemCoreClockUpdate) refers to system_stm32f10x.o(.data) for SystemCoreClock
    system_stm32f10x.o(i.SystemInit) refers to system_stm32f10x.o(i.SetSysClock) for SetSysClock
    stm32f10x_gpio.o(i.GPIO_AFIODeInit) refers to stm32f10x_rcc.o(i.RCC_APB2PeriphResetCmd) for RCC_APB2PeriphResetCmd
    stm32f10x_gpio.o(i.GPIO_DeInit) refers to stm32f10x_rcc.o(i.RCC_APB2PeriphResetCmd) for RCC_APB2PeriphResetCmd
    stm32f10x_rcc.o(i.RCC_GetClocksFreq) refers to stm32f10x_rcc.o(.data) for APBAHBPrescTable
    stm32f10x_rcc.o(i.RCC_WaitForHSEStartUp) refers to stm32f10x_rcc.o(i.RCC_GetFlagStatus) for RCC_GetFlagStatus
    stm32f10x_usart.o(i.USART_DeInit) refers to stm32f10x_rcc.o(i.RCC_APB2PeriphResetCmd) for RCC_APB2PeriphResetCmd
    stm32f10x_usart.o(i.USART_DeInit) refers to stm32f10x_rcc.o(i.RCC_APB1PeriphResetCmd) for RCC_APB1PeriphResetCmd
    stm32f10x_usart.o(i.USART_Init) refers to stm32f10x_rcc.o(i.RCC_GetClocksFreq) for RCC_GetClocksFreq
    entry.o(.ARM.Collect$$$$00000000) refers (Special) to entry10a.o(.ARM.Collect$$$$0000000D) for __rt_final_cpp
    entry.o(.ARM.Collect$$$$00000000) refers (Special) to entry11a.o(.ARM.Collect$$$$0000000F) for __rt_final_exit
    entry.o(.ARM.Collect$$$$00000000) refers (Special) to entry7b.o(.ARM.Collect$$$$00000008) for _main_clock
    entry.o(.ARM.Collect$$$$00000000) refers (Special) to entry8b.o(.ARM.Collect$$$$0000000A) for _main_cpp_init
    entry.o(.ARM.Collect$$$$00000000) refers (Special) to entry9a.o(.ARM.Collect$$$$0000000B) for _main_init
    entry.o(.ARM.Collect$$$$00000000) refers (Special) to entry5.o(.ARM.Collect$$$$00000004) for _main_scatterload
    entry.o(.ARM.Collect$$$$00000000) refers (Special) to entry2.o(.ARM.Collect$$$$00000001) for _main_stk
    printfb.o(i.__0fprintf$bare) refers to printfb.o(i._printf_core) for _printf_core
    printfb.o(i.__0fprintf$bare) refers to usart.o(i.fputc) for fputc
    printfb.o(i.__0printf$bare) refers to printfb.o(i._printf_core) for _printf_core
    printfb.o(i.__0printf$bare) refers to usart.o(i.fputc) for fputc
    printfb.o(i.__0printf$bare) refers to stdout.o(.data) for __stdout
    printfb.o(i.__0snprintf$bare) refers to printfb.o(i._printf_core) for _printf_core
    printfb.o(i.__0snprintf$bare) refers to printfb.o(i._snputc) for _snputc
    printfb.o(i.__0sprintf$bare) refers to printfb.o(i._printf_core) for _printf_core
    printfb.o(i.__0sprintf$bare) refers to printfb.o(i._sputc) for _sputc
    printfb.o(i.__0vfprintf$bare) refers to printfb.o(i._printf_core) for _printf_core
    printfb.o(i.__0vfprintf$bare) refers to usart.o(i.fputc) for fputc
    printfb.o(i.__0vprintf$bare) refers to printfb.o(i._printf_core) for _printf_core
    printfb.o(i.__0vprintf$bare) refers to usart.o(i.fputc) for fputc
    printfb.o(i.__0vprintf$bare) refers to stdout.o(.data) for __stdout
    printfb.o(i.__0vsnprintf$bare) refers to printfb.o(i._printf_core) for _printf_core
    printfb.o(i.__0vsnprintf$bare) refers to printfb.o(i._snputc) for _snputc
    printfb.o(i.__0vsprintf$bare) refers to printfb.o(i._printf_core) for _printf_core
    printfb.o(i.__0vsprintf$bare) refers to printfb.o(i._sputc) for _sputc
    printf0.o(i.__0fprintf$0) refers to printf0.o(i._printf_core) for _printf_core
    printf0.o(i.__0fprintf$0) refers to usart.o(i.fputc) for fputc
    printf0.o(i.__0printf$0) refers to printf0.o(i._printf_core) for _printf_core
    printf0.o(i.__0printf$0) refers to usart.o(i.fputc) for fputc
    printf0.o(i.__0printf$0) refers to stdout.o(.data) for __stdout
    printf0.o(i.__0snprintf$0) refers to printf0.o(i._printf_core) for _printf_core
    printf0.o(i.__0snprintf$0) refers to printf0.o(i._snputc) for _snputc
    printf0.o(i.__0sprintf$0) refers to printf0.o(i._printf_core) for _printf_core
    printf0.o(i.__0sprintf$0) refers to printf0.o(i._sputc) for _sputc
    printf0.o(i.__0vfprintf$0) refers to printf0.o(i._printf_core) for _printf_core
    printf0.o(i.__0vfprintf$0) refers to usart.o(i.fputc) for fputc
    printf0.o(i.__0vprintf$0) refers to printf0.o(i._printf_core) for _printf_core
    printf0.o(i.__0vprintf$0) refers to usart.o(i.fputc) for fputc
    printf0.o(i.__0vprintf$0) refers to stdout.o(.data) for __stdout
    printf0.o(i.__0vsnprintf$0) refers to printf0.o(i._printf_core) for _printf_core
    printf0.o(i.__0vsnprintf$0) refers to printf0.o(i._snputc) for _snputc
    printf0.o(i.__0vsprintf$0) refers to printf0.o(i._printf_core) for _printf_core
    printf0.o(i.__0vsprintf$0) refers to printf0.o(i._sputc) for _sputc
    printf1.o(i.__0fprintf$1) refers to printf1.o(i._printf_core) for _printf_core
    printf1.o(i.__0fprintf$1) refers to usart.o(i.fputc) for fputc
    printf1.o(i.__0printf$1) refers to printf1.o(i._printf_core) for _printf_core
    printf1.o(i.__0printf$1) refers to usart.o(i.fputc) for fputc
    printf1.o(i.__0printf$1) refers to stdout.o(.data) for __stdout
    printf1.o(i.__0snprintf$1) refers to printf1.o(i._printf_core) for _printf_core
    printf1.o(i.__0snprintf$1) refers to printf1.o(i._snputc) for _snputc
    printf1.o(i.__0sprintf$1) refers to printf1.o(i._printf_core) for _printf_core
    printf1.o(i.__0sprintf$1) refers to printf1.o(i._sputc) for _sputc
    printf1.o(i.__0vfprintf$1) refers to printf1.o(i._printf_core) for _printf_core
    printf1.o(i.__0vfprintf$1) refers to usart.o(i.fputc) for fputc
    printf1.o(i.__0vprintf$1) refers to printf1.o(i._printf_core) for _printf_core
    printf1.o(i.__0vprintf$1) refers to usart.o(i.fputc) for fputc
    printf1.o(i.__0vprintf$1) refers to stdout.o(.data) for __stdout
    printf1.o(i.__0vsnprintf$1) refers to printf1.o(i._printf_core) for _printf_core
    printf1.o(i.__0vsnprintf$1) refers to printf1.o(i._snputc) for _snputc
    printf1.o(i.__0vsprintf$1) refers to printf1.o(i._printf_core) for _printf_core
    printf1.o(i.__0vsprintf$1) refers to printf1.o(i._sputc) for _sputc
    printf1.o(i._printf_core) refers to uidiv.o(.text) for __aeabi_uidivmod
    printf2.o(i.__0fprintf$2) refers to printf2.o(i._printf_core) for _printf_core
    printf2.o(i.__0fprintf$2) refers to usart.o(i.fputc) for fputc
    printf2.o(i.__0printf$2) refers to printf2.o(i._printf_core) for _printf_core
    printf2.o(i.__0printf$2) refers to usart.o(i.fputc) for fputc
    printf2.o(i.__0printf$2) refers to stdout.o(.data) for __stdout
    printf2.o(i.__0snprintf$2) refers to printf2.o(i._printf_core) for _printf_core
    printf2.o(i.__0snprintf$2) refers to printf2.o(i._snputc) for _snputc
    printf2.o(i.__0sprintf$2) refers to printf2.o(i._printf_core) for _printf_core
    printf2.o(i.__0sprintf$2) refers to printf2.o(i._sputc) for _sputc
    printf2.o(i.__0vfprintf$2) refers to printf2.o(i._printf_core) for _printf_core
    printf2.o(i.__0vfprintf$2) refers to usart.o(i.fputc) for fputc
    printf2.o(i.__0vprintf$2) refers to printf2.o(i._printf_core) for _printf_core
    printf2.o(i.__0vprintf$2) refers to usart.o(i.fputc) for fputc
    printf2.o(i.__0vprintf$2) refers to stdout.o(.data) for __stdout
    printf2.o(i.__0vsnprintf$2) refers to printf2.o(i._printf_core) for _printf_core
    printf2.o(i.__0vsnprintf$2) refers to printf2.o(i._snputc) for _snputc
    printf2.o(i.__0vsprintf$2) refers to printf2.o(i._printf_core) for _printf_core
    printf2.o(i.__0vsprintf$2) refers to printf2.o(i._sputc) for _sputc
    printf3.o(i.__0fprintf$3) refers to printf3.o(i._printf_core) for _printf_core
    printf3.o(i.__0fprintf$3) refers to usart.o(i.fputc) for fputc
    printf3.o(i.__0printf$3) refers to printf3.o(i._printf_core) for _printf_core
    printf3.o(i.__0printf$3) refers to usart.o(i.fputc) for fputc
    printf3.o(i.__0printf$3) refers to stdout.o(.data) for __stdout
    printf3.o(i.__0snprintf$3) refers to printf3.o(i._printf_core) for _printf_core
    printf3.o(i.__0snprintf$3) refers to printf3.o(i._snputc) for _snputc
    printf3.o(i.__0sprintf$3) refers to printf3.o(i._printf_core) for _printf_core
    printf3.o(i.__0sprintf$3) refers to printf3.o(i._sputc) for _sputc
    printf3.o(i.__0vfprintf$3) refers to printf3.o(i._printf_core) for _printf_core
    printf3.o(i.__0vfprintf$3) refers to usart.o(i.fputc) for fputc
    printf3.o(i.__0vprintf$3) refers to printf3.o(i._printf_core) for _printf_core
    printf3.o(i.__0vprintf$3) refers to usart.o(i.fputc) for fputc
    printf3.o(i.__0vprintf$3) refers to stdout.o(.data) for __stdout
    printf3.o(i.__0vsnprintf$3) refers to printf3.o(i._printf_core) for _printf_core
    printf3.o(i.__0vsnprintf$3) refers to printf3.o(i._snputc) for _snputc
    printf3.o(i.__0vsprintf$3) refers to printf3.o(i._printf_core) for _printf_core
    printf3.o(i.__0vsprintf$3) refers to printf3.o(i._sputc) for _sputc
    printf3.o(i._printf_core) refers to uidiv.o(.text) for __aeabi_uidivmod
    printf4.o(i.__0fprintf$4) refers to printf4.o(i._printf_core) for _printf_core
    printf4.o(i.__0fprintf$4) refers to usart.o(i.fputc) for fputc
    printf4.o(i.__0printf$4) refers to printf4.o(i._printf_core) for _printf_core
    printf4.o(i.__0printf$4) refers to usart.o(i.fputc) for fputc
    printf4.o(i.__0printf$4) refers to stdout.o(.data) for __stdout
    printf4.o(i.__0snprintf$4) refers to printf4.o(i._printf_core) for _printf_core
    printf4.o(i.__0snprintf$4) refers to printf4.o(i._snputc) for _snputc
    printf4.o(i.__0sprintf$4) refers to printf4.o(i._printf_core) for _printf_core
    printf4.o(i.__0sprintf$4) refers to printf4.o(i._sputc) for _sputc
    printf4.o(i.__0vfprintf$4) refers to printf4.o(i._printf_core) for _printf_core
    printf4.o(i.__0vfprintf$4) refers to usart.o(i.fputc) for fputc
    printf4.o(i.__0vprintf$4) refers to printf4.o(i._printf_core) for _printf_core
    printf4.o(i.__0vprintf$4) refers to usart.o(i.fputc) for fputc
    printf4.o(i.__0vprintf$4) refers to stdout.o(.data) for __stdout
    printf4.o(i.__0vsnprintf$4) refers to printf4.o(i._printf_core) for _printf_core
    printf4.o(i.__0vsnprintf$4) refers to printf4.o(i._snputc) for _snputc
    printf4.o(i.__0vsprintf$4) refers to printf4.o(i._printf_core) for _printf_core
    printf4.o(i.__0vsprintf$4) refers to printf4.o(i._sputc) for _sputc
    printf4.o(i._printf_core) refers to uldiv.o(.text) for __aeabi_uldivmod
    printf5.o(i.__0fprintf$5) refers to printf5.o(i._printf_core) for _printf_core
    printf5.o(i.__0fprintf$5) refers to usart.o(i.fputc) for fputc
    printf5.o(i.__0printf$5) refers to printf5.o(i._printf_core) for _printf_core
    printf5.o(i.__0printf$5) refers to usart.o(i.fputc) for fputc
    printf5.o(i.__0printf$5) refers to stdout.o(.data) for __stdout
    printf5.o(i.__0snprintf$5) refers to printf5.o(i._printf_core) for _printf_core
    printf5.o(i.__0snprintf$5) refers to printf5.o(i._snputc) for _snputc
    printf5.o(i.__0sprintf$5) refers to printf5.o(i._printf_core) for _printf_core
    printf5.o(i.__0sprintf$5) refers to printf5.o(i._sputc) for _sputc
    printf5.o(i.__0vfprintf$5) refers to printf5.o(i._printf_core) for _printf_core
    printf5.o(i.__0vfprintf$5) refers to usart.o(i.fputc) for fputc
    printf5.o(i.__0vprintf$5) refers to printf5.o(i._printf_core) for _printf_core
    printf5.o(i.__0vprintf$5) refers to usart.o(i.fputc) for fputc
    printf5.o(i.__0vprintf$5) refers to stdout.o(.data) for __stdout
    printf5.o(i.__0vsnprintf$5) refers to printf5.o(i._printf_core) for _printf_core
    printf5.o(i.__0vsnprintf$5) refers to printf5.o(i._snputc) for _snputc
    printf5.o(i.__0vsprintf$5) refers to printf5.o(i._printf_core) for _printf_core
    printf5.o(i.__0vsprintf$5) refers to printf5.o(i._sputc) for _sputc
    printf5.o(i._printf_core) refers to uldiv.o(.text) for __aeabi_uldivmod
    printf6.o(i.__0fprintf$6) refers to printf6.o(i._printf_core) for _printf_core
    printf6.o(i.__0fprintf$6) refers to usart.o(i.fputc) for fputc
    printf6.o(i.__0printf$6) refers to printf6.o(i._printf_core) for _printf_core
    printf6.o(i.__0printf$6) refers to usart.o(i.fputc) for fputc
    printf6.o(i.__0printf$6) refers to stdout.o(.data) for __stdout
    printf6.o(i.__0snprintf$6) refers to printf6.o(i._printf_core) for _printf_core
    printf6.o(i.__0snprintf$6) refers to printf6.o(i._snputc) for _snputc
    printf6.o(i.__0sprintf$6) refers to printf6.o(i._printf_core) for _printf_core
    printf6.o(i.__0sprintf$6) refers to printf6.o(i._sputc) for _sputc
    printf6.o(i.__0vfprintf$6) refers to printf6.o(i._printf_core) for _printf_core
    printf6.o(i.__0vfprintf$6) refers to usart.o(i.fputc) for fputc
    printf6.o(i.__0vprintf$6) refers to printf6.o(i._printf_core) for _printf_core
    printf6.o(i.__0vprintf$6) refers to usart.o(i.fputc) for fputc
    printf6.o(i.__0vprintf$6) refers to stdout.o(.data) for __stdout
    printf6.o(i.__0vsnprintf$6) refers to printf6.o(i._printf_core) for _printf_core
    printf6.o(i.__0vsnprintf$6) refers to printf6.o(i._snputc) for _snputc
    printf6.o(i.__0vsprintf$6) refers to printf6.o(i._printf_core) for _printf_core
    printf6.o(i.__0vsprintf$6) refers to printf6.o(i._sputc) for _sputc
    printf6.o(i._printf_core) refers to printf6.o(i._printf_pre_padding) for _printf_pre_padding
    printf6.o(i._printf_core) refers to uidiv.o(.text) for __aeabi_uidivmod
    printf6.o(i._printf_core) refers to printf6.o(i._printf_post_padding) for _printf_post_padding
    printf7.o(i.__0fprintf$7) refers to printf7.o(i._printf_core) for _printf_core
    printf7.o(i.__0fprintf$7) refers to usart.o(i.fputc) for fputc
    printf7.o(i.__0printf$7) refers to printf7.o(i._printf_core) for _printf_core
    printf7.o(i.__0printf$7) refers to usart.o(i.fputc) for fputc
    printf7.o(i.__0printf$7) refers to stdout.o(.data) for __stdout
    printf7.o(i.__0snprintf$7) refers to printf7.o(i._printf_core) for _printf_core
    printf7.o(i.__0snprintf$7) refers to printf7.o(i._snputc) for _snputc
    printf7.o(i.__0sprintf$7) refers to printf7.o(i._printf_core) for _printf_core
    printf7.o(i.__0sprintf$7) refers to printf7.o(i._sputc) for _sputc
    printf7.o(i.__0vfprintf$7) refers to printf7.o(i._printf_core) for _printf_core
    printf7.o(i.__0vfprintf$7) refers to usart.o(i.fputc) for fputc
    printf7.o(i.__0vprintf$7) refers to printf7.o(i._printf_core) for _printf_core
    printf7.o(i.__0vprintf$7) refers to usart.o(i.fputc) for fputc
    printf7.o(i.__0vprintf$7) refers to stdout.o(.data) for __stdout
    printf7.o(i.__0vsnprintf$7) refers to printf7.o(i._printf_core) for _printf_core
    printf7.o(i.__0vsnprintf$7) refers to printf7.o(i._snputc) for _snputc
    printf7.o(i.__0vsprintf$7) refers to printf7.o(i._printf_core) for _printf_core
    printf7.o(i.__0vsprintf$7) refers to printf7.o(i._sputc) for _sputc
    printf7.o(i._printf_core) refers to printf7.o(i._printf_pre_padding) for _printf_pre_padding
    printf7.o(i._printf_core) refers to uldiv.o(.text) for __aeabi_uldivmod
    printf7.o(i._printf_core) refers to printf7.o(i._printf_post_padding) for _printf_post_padding
    printf8.o(i.__0fprintf$8) refers to printf8.o(i._printf_core) for _printf_core
    printf8.o(i.__0fprintf$8) refers to usart.o(i.fputc) for fputc
    printf8.o(i.__0printf$8) refers to printf8.o(i._printf_core) for _printf_core
    printf8.o(i.__0printf$8) refers to usart.o(i.fputc) for fputc
    printf8.o(i.__0printf$8) refers to stdout.o(.data) for __stdout
    printf8.o(i.__0snprintf$8) refers to printf8.o(i._printf_core) for _printf_core
    printf8.o(i.__0snprintf$8) refers to printf8.o(i._snputc) for _snputc
    printf8.o(i.__0sprintf$8) refers to printf8.o(i._printf_core) for _printf_core
    printf8.o(i.__0sprintf$8) refers to printf8.o(i._sputc) for _sputc
    printf8.o(i.__0vfprintf$8) refers to printf8.o(i._printf_core) for _printf_core
    printf8.o(i.__0vfprintf$8) refers to usart.o(i.fputc) for fputc
    printf8.o(i.__0vprintf$8) refers to printf8.o(i._printf_core) for _printf_core
    printf8.o(i.__0vprintf$8) refers to usart.o(i.fputc) for fputc
    printf8.o(i.__0vprintf$8) refers to stdout.o(.data) for __stdout
    printf8.o(i.__0vsnprintf$8) refers to printf8.o(i._printf_core) for _printf_core
    printf8.o(i.__0vsnprintf$8) refers to printf8.o(i._snputc) for _snputc
    printf8.o(i.__0vsprintf$8) refers to printf8.o(i._printf_core) for _printf_core
    printf8.o(i.__0vsprintf$8) refers to printf8.o(i._sputc) for _sputc
    printf8.o(i._printf_core) refers to printf8.o(i._printf_pre_padding) for _printf_pre_padding
    printf8.o(i._printf_core) refers to uldiv.o(.text) for __aeabi_uldivmod
    printf8.o(i._printf_core) refers to printf8.o(i._printf_post_padding) for _printf_post_padding
    printfa.o(i.__0fprintf) refers (Special) to iusefp.o(.text) for __I$use$fp
    printfa.o(i.__0fprintf) refers to printfa.o(i._printf_core) for _printf_core
    printfa.o(i.__0fprintf) refers to usart.o(i.fputc) for fputc
    printfa.o(i.__0printf) refers (Special) to iusefp.o(.text) for __I$use$fp
    printfa.o(i.__0printf) refers to printfa.o(i._printf_core) for _printf_core
    printfa.o(i.__0printf) refers to usart.o(i.fputc) for fputc
    printfa.o(i.__0printf) refers to stdout.o(.data) for __stdout
    printfa.o(i.__0snprintf) refers (Special) to iusefp.o(.text) for __I$use$fp
    printfa.o(i.__0snprintf) refers to printfa.o(i._printf_core) for _printf_core
    printfa.o(i.__0snprintf) refers to printfa.o(i._snputc) for _snputc
    printfa.o(i.__0sprintf) refers (Special) to iusefp.o(.text) for __I$use$fp
    printfa.o(i.__0sprintf) refers to printfa.o(i._printf_core) for _printf_core
    printfa.o(i.__0sprintf) refers to printfa.o(i._sputc) for _sputc
    printfa.o(i.__0vfprintf) refers (Special) to iusefp.o(.text) for __I$use$fp
    printfa.o(i.__0vfprintf) refers to printfa.o(i._printf_core) for _printf_core
    printfa.o(i.__0vfprintf) refers to usart.o(i.fputc) for fputc
    printfa.o(i.__0vprintf) refers (Special) to iusefp.o(.text) for __I$use$fp
    printfa.o(i.__0vprintf) refers to printfa.o(i._printf_core) for _printf_core
    printfa.o(i.__0vprintf) refers to usart.o(i.fputc) for fputc
    printfa.o(i.__0vprintf) refers to stdout.o(.data) for __stdout
    printfa.o(i.__0vsnprintf) refers (Special) to iusefp.o(.text) for __I$use$fp
    printfa.o(i.__0vsnprintf) refers to printfa.o(i._printf_core) for _printf_core
    printfa.o(i.__0vsnprintf) refers to printfa.o(i._snputc) for _snputc
    printfa.o(i.__0vsprintf) refers (Special) to iusefp.o(.text) for __I$use$fp
    printfa.o(i.__0vsprintf) refers to printfa.o(i._printf_core) for _printf_core
    printfa.o(i.__0vsprintf) refers to printfa.o(i._sputc) for _sputc
    printfa.o(i._fp_digits) refers (Special) to iusefp.o(.text) for __I$use$fp
    printfa.o(i._fp_digits) refers to dmul.o(.text) for __aeabi_dmul
    printfa.o(i._fp_digits) refers to ddiv.o(.text) for __aeabi_ddiv
    printfa.o(i._fp_digits) refers to cdrcmple.o(.text) for __aeabi_cdrcmple
    printfa.o(i._fp_digits) refers to dadd.o(.text) for __aeabi_dadd
    printfa.o(i._fp_digits) refers to dfixul.o(.text) for __aeabi_d2ulz
    printfa.o(i._fp_digits) refers to uldiv.o(.text) for __aeabi_uldivmod
    printfa.o(i._printf_core) refers (Special) to iusefp.o(.text) for __I$use$fp
    printfa.o(i._printf_core) refers to printfa.o(i._printf_pre_padding) for _printf_pre_padding
    printfa.o(i._printf_core) refers to uldiv.o(.text) for __aeabi_uldivmod
    printfa.o(i._printf_core) refers to printfa.o(i._printf_post_padding) for _printf_post_padding
    printfa.o(i._printf_core) refers to printfa.o(i._fp_digits) for _fp_digits
    printfa.o(i._printf_core) refers to uidiv.o(.text) for __aeabi_uidivmod
    printfa.o(i._printf_post_padding) refers (Special) to iusefp.o(.text) for __I$use$fp
    printfa.o(i._printf_pre_padding) refers (Special) to iusefp.o(.text) for __I$use$fp
    printfa.o(i._snputc) refers (Special) to iusefp.o(.text) for __I$use$fp
    printfa.o(i._sputc) refers (Special) to iusefp.o(.text) for __I$use$fp
    entry2.o(.ARM.Collect$$$$00000001) refers to entry2.o(.ARM.Collect$$$$00002712) for __lit__00000000
    entry2.o(.ARM.Collect$$$$00002712) refers to startup_stm32f10x_hd.o(STACK) for __initial_sp
    entry2.o(__vectab_stack_and_reset_area) refers to startup_stm32f10x_hd.o(STACK) for __initial_sp
    entry2.o(__vectab_stack_and_reset_area) refers to entry.o(.ARM.Collect$$$$00000000) for __main
    entry5.o(.ARM.Collect$$$$00000004) refers to init.o(.text) for __scatterload
    entry9a.o(.ARM.Collect$$$$0000000B) refers to main.o(i.main) for main
    entry9b.o(.ARM.Collect$$$$0000000C) refers to main.o(i.main) for main
    uldiv.o(.text) refers to llushr.o(.text) for __aeabi_llsr
    uldiv.o(.text) refers to llshl.o(.text) for __aeabi_llsl
    dadd.o(.text) refers to llshl.o(.text) for __aeabi_llsl
    dadd.o(.text) refers to llsshr.o(.text) for __aeabi_lasr
    dadd.o(.text) refers to depilogue.o(.text) for _double_epilogue
    dmul.o(.text) refers to depilogue.o(.text) for _double_epilogue
    ddiv.o(.text) refers to depilogue.o(.text) for _double_round
    dfixul.o(.text) refers to llushr.o(.text) for __aeabi_llsr
    dfixul.o(.text) refers to llshl.o(.text) for __aeabi_llsl
    init.o(.text) refers to entry5.o(.ARM.Collect$$$$00000004) for __main_after_scatterload
    depilogue.o(.text) refers to llshl.o(.text) for __aeabi_llsl
    depilogue.o(.text) refers to llushr.o(.text) for __aeabi_llsr


==============================================================================

Removing Unused input sections from the image.

    Removing startup_stm32f10x_hd.o(HEAP), (512 bytes).
    Removing main.o(i.SD_SingleBlockTest), (140 bytes).
    Removing stm32_eval_sdio_sd.o(i.SD_DeInit), (8 bytes).
    Removing stm32_eval_sdio_sd.o(i.SD_GetCardStatus), (160 bytes).
    Removing stm32_eval_sdio_sd.o(i.SD_GetTransferState), (24 bytes).
    Removing stm32_eval_sdio_sd.o(i.SD_PowerOFF), (14 bytes).
    Removing stm32_eval_sdio_sd.o(i.SD_ReadBlock), (176 bytes).
    Removing stm32_eval_sdio_sd.o(i.SD_SendSDStatus), (376 bytes).
    Removing stm32_eval_sdio_sd.o(i.SD_StopTransfer), (32 bytes).
    Removing stm32_eval_sdio_sd.o(i.SD_WriteBlock), (176 bytes).
    Removing stm32_eval_sdio_sd.o(i.convert_from_bytes_to_power_of_two), (18 bytes).
    Removing dksd.o(i.SD_LowLevel_DeInit), (76 bytes).
    Removing core_cm3.o(.emb_text), (32 bytes).
    Removing system_stm32f10x.o(i.SystemCoreClockUpdate), (164 bytes).
    Removing system_stm32f10x.o(.data), (20 bytes).
    Removing stm32f10x_gpio.o(i.GPIO_AFIODeInit), (20 bytes).
    Removing stm32f10x_gpio.o(i.GPIO_DeInit), (200 bytes).
    Removing stm32f10x_gpio.o(i.GPIO_ETH_MediaInterfaceConfig), (12 bytes).
    Removing stm32f10x_gpio.o(i.GPIO_EXTILineConfig), (64 bytes).
    Removing stm32f10x_gpio.o(i.GPIO_EventOutputCmd), (12 bytes).
    Removing stm32f10x_gpio.o(i.GPIO_EventOutputConfig), (32 bytes).
    Removing stm32f10x_gpio.o(i.GPIO_PinLockConfig), (18 bytes).
    Removing stm32f10x_gpio.o(i.GPIO_PinRemapConfig), (144 bytes).
    Removing stm32f10x_gpio.o(i.GPIO_ReadInputData), (8 bytes).
    Removing stm32f10x_gpio.o(i.GPIO_ReadOutputData), (8 bytes).
    Removing stm32f10x_gpio.o(i.GPIO_ReadOutputDataBit), (18 bytes).
    Removing stm32f10x_gpio.o(i.GPIO_ResetBits), (4 bytes).
    Removing stm32f10x_gpio.o(i.GPIO_SetBits), (4 bytes).
    Removing stm32f10x_gpio.o(i.GPIO_Write), (4 bytes).
    Removing stm32f10x_gpio.o(i.GPIO_WriteBit), (10 bytes).
    Removing stm32f10x_rcc.o(i.RCC_ADCCLKConfig), (24 bytes).
    Removing stm32f10x_rcc.o(i.RCC_APB1PeriphResetCmd), (32 bytes).
    Removing stm32f10x_rcc.o(i.RCC_APB2PeriphResetCmd), (32 bytes).
    Removing stm32f10x_rcc.o(i.RCC_AdjustHSICalibrationValue), (24 bytes).
    Removing stm32f10x_rcc.o(i.RCC_BackupResetCmd), (12 bytes).
    Removing stm32f10x_rcc.o(i.RCC_ClearFlag), (20 bytes).
    Removing stm32f10x_rcc.o(i.RCC_ClearITPendingBit), (12 bytes).
    Removing stm32f10x_rcc.o(i.RCC_ClockSecuritySystemCmd), (12 bytes).
    Removing stm32f10x_rcc.o(i.RCC_DeInit), (76 bytes).
    Removing stm32f10x_rcc.o(i.RCC_GetFlagStatus), (60 bytes).
    Removing stm32f10x_rcc.o(i.RCC_GetITStatus), (24 bytes).
    Removing stm32f10x_rcc.o(i.RCC_GetSYSCLKSource), (16 bytes).
    Removing stm32f10x_rcc.o(i.RCC_HCLKConfig), (24 bytes).
    Removing stm32f10x_rcc.o(i.RCC_HSEConfig), (76 bytes).
    Removing stm32f10x_rcc.o(i.RCC_HSICmd), (12 bytes).
    Removing stm32f10x_rcc.o(i.RCC_ITConfig), (32 bytes).
    Removing stm32f10x_rcc.o(i.RCC_LSEConfig), (52 bytes).
    Removing stm32f10x_rcc.o(i.RCC_LSICmd), (12 bytes).
    Removing stm32f10x_rcc.o(i.RCC_MCOConfig), (12 bytes).
    Removing stm32f10x_rcc.o(i.RCC_PCLK1Config), (24 bytes).
    Removing stm32f10x_rcc.o(i.RCC_PCLK2Config), (24 bytes).
    Removing stm32f10x_rcc.o(i.RCC_PLLCmd), (12 bytes).
    Removing stm32f10x_rcc.o(i.RCC_PLLConfig), (28 bytes).
    Removing stm32f10x_rcc.o(i.RCC_RTCCLKCmd), (12 bytes).
    Removing stm32f10x_rcc.o(i.RCC_RTCCLKConfig), (16 bytes).
    Removing stm32f10x_rcc.o(i.RCC_SYSCLKConfig), (24 bytes).
    Removing stm32f10x_rcc.o(i.RCC_USBCLKConfig), (12 bytes).
    Removing stm32f10x_rcc.o(i.RCC_WaitForHSEStartUp), (56 bytes).
    Removing misc.o(i.NVIC_SetVectorTable), (20 bytes).
    Removing misc.o(i.NVIC_SystemLPConfig), (32 bytes).
    Removing misc.o(i.SysTick_CLKSourceConfig), (40 bytes).
    Removing stm32f10x_sdio.o(i.SDIO_CEATAITCmd), (16 bytes).
    Removing stm32f10x_sdio.o(i.SDIO_CmdStructInit), (14 bytes).
    Removing stm32f10x_sdio.o(i.SDIO_CommandCompletionCmd), (12 bytes).
    Removing stm32f10x_sdio.o(i.SDIO_DataStructInit), (20 bytes).
    Removing stm32f10x_sdio.o(i.SDIO_GetDataCounter), (12 bytes).
    Removing stm32f10x_sdio.o(i.SDIO_GetFIFOCount), (12 bytes).
    Removing stm32f10x_sdio.o(i.SDIO_GetITStatus), (24 bytes).
    Removing stm32f10x_sdio.o(i.SDIO_SendCEATACmd), (12 bytes).
    Removing stm32f10x_sdio.o(i.SDIO_SendSDIOSuspendCmd), (12 bytes).
    Removing stm32f10x_sdio.o(i.SDIO_SetSDIOOperation), (12 bytes).
    Removing stm32f10x_sdio.o(i.SDIO_SetSDIOReadWaitMode), (12 bytes).
    Removing stm32f10x_sdio.o(i.SDIO_StartSDIOReadWait), (12 bytes).
    Removing stm32f10x_sdio.o(i.SDIO_StopSDIOReadWait), (12 bytes).
    Removing stm32f10x_sdio.o(i.SDIO_StructInit), (16 bytes).
    Removing stm32f10x_sdio.o(i.SDIO_WriteData), (12 bytes).
    Removing stm32f10x_usart.o(i.USART_ClearFlag), (18 bytes).
    Removing stm32f10x_usart.o(i.USART_ClearITPendingBit), (30 bytes).
    Removing stm32f10x_usart.o(i.USART_ClockInit), (34 bytes).
    Removing stm32f10x_usart.o(i.USART_ClockStructInit), (12 bytes).
    Removing stm32f10x_usart.o(i.USART_DMACmd), (18 bytes).
    Removing stm32f10x_usart.o(i.USART_DeInit), (156 bytes).
    Removing stm32f10x_usart.o(i.USART_GetITStatus), (84 bytes).
    Removing stm32f10x_usart.o(i.USART_HalfDuplexCmd), (24 bytes).
    Removing stm32f10x_usart.o(i.USART_ITConfig), (74 bytes).
    Removing stm32f10x_usart.o(i.USART_IrDACmd), (24 bytes).
    Removing stm32f10x_usart.o(i.USART_IrDAConfig), (18 bytes).
    Removing stm32f10x_usart.o(i.USART_LINBreakDetectLengthConfig), (18 bytes).
    Removing stm32f10x_usart.o(i.USART_LINCmd), (24 bytes).
    Removing stm32f10x_usart.o(i.USART_OneBitMethodCmd), (24 bytes).
    Removing stm32f10x_usart.o(i.USART_OverSampling8Cmd), (22 bytes).
    Removing stm32f10x_usart.o(i.USART_ReceiveData), (10 bytes).
    Removing stm32f10x_usart.o(i.USART_ReceiverWakeUpCmd), (24 bytes).
    Removing stm32f10x_usart.o(i.USART_SendBreak), (10 bytes).
    Removing stm32f10x_usart.o(i.USART_SetAddress), (18 bytes).
    Removing stm32f10x_usart.o(i.USART_SetGuardTime), (16 bytes).
    Removing stm32f10x_usart.o(i.USART_SetPrescaler), (16 bytes).
    Removing stm32f10x_usart.o(i.USART_SmartCardCmd), (24 bytes).
    Removing stm32f10x_usart.o(i.USART_SmartCardNACKCmd), (24 bytes).
    Removing stm32f10x_usart.o(i.USART_StructInit), (24 bytes).
    Removing stm32f10x_usart.o(i.USART_WakeUpConfig), (18 bytes).
    Removing stm32f10x_dma.o(i.DMA_ClearITPendingBit), (28 bytes).
    Removing stm32f10x_dma.o(i.DMA_DeInit), (332 bytes).
    Removing stm32f10x_dma.o(i.DMA_GetCurrDataCounter), (8 bytes).
    Removing stm32f10x_dma.o(i.DMA_GetITStatus), (44 bytes).
    Removing stm32f10x_dma.o(i.DMA_ITConfig), (18 bytes).
    Removing stm32f10x_dma.o(i.DMA_SetCurrDataCounter), (4 bytes).
    Removing stm32f10x_dma.o(i.DMA_StructInit), (26 bytes).
    Removing dadd.o(.text), (334 bytes).
    Removing dmul.o(.text), (228 bytes).
    Removing ddiv.o(.text), (222 bytes).
    Removing dfixul.o(.text), (48 bytes).
    Removing cdrcmple.o(.text), (48 bytes).
    Removing depilogue.o(.text), (186 bytes).

114 unused section(s) (total 5850 bytes) removed from the image.

==============================================================================

Image Symbol Table

    Local Symbols

    Symbol Name                              Value     Ov Type        Size  Object(Section)

    ../clib/microlib/division.c              0x00000000   Number         0  uidiv.o ABSOLUTE
    ../clib/microlib/division.c              0x00000000   Number         0  uldiv.o ABSOLUTE
    ../clib/microlib/init/entry.s            0x00000000   Number         0  entry.o ABSOLUTE
    ../clib/microlib/init/entry.s            0x00000000   Number         0  entry5.o ABSOLUTE
    ../clib/microlib/init/entry.s            0x00000000   Number         0  entry10b.o ABSOLUTE
    ../clib/microlib/init/entry.s            0x00000000   Number         0  entry11b.o ABSOLUTE
    ../clib/microlib/init/entry.s            0x00000000   Number         0  entry10a.o ABSOLUTE
    ../clib/microlib/init/entry.s            0x00000000   Number         0  entry9b.o ABSOLUTE
    ../clib/microlib/init/entry.s            0x00000000   Number         0  entry9a.o ABSOLUTE
    ../clib/microlib/init/entry.s            0x00000000   Number         0  entry2.o ABSOLUTE
    ../clib/microlib/init/entry.s            0x00000000   Number         0  entry8b.o ABSOLUTE
    ../clib/microlib/init/entry.s            0x00000000   Number         0  entry8a.o ABSOLUTE
    ../clib/microlib/init/entry.s            0x00000000   Number         0  entry7b.o ABSOLUTE
    ../clib/microlib/init/entry.s            0x00000000   Number         0  entry11a.o ABSOLUTE
    ../clib/microlib/init/entry.s            0x00000000   Number         0  entry7a.o ABSOLUTE
    ../clib/microlib/longlong.c              0x00000000   Number         0  llushr.o ABSOLUTE
    ../clib/microlib/longlong.c              0x00000000   Number         0  llshl.o ABSOLUTE
    ../clib/microlib/longlong.c              0x00000000   Number         0  llsshr.o ABSOLUTE
    ../clib/microlib/printf/printf.c         0x00000000   Number         0  printf8.o ABSOLUTE
    ../clib/microlib/printf/printf.c         0x00000000   Number         0  printf6.o ABSOLUTE
    ../clib/microlib/printf/printf.c         0x00000000   Number         0  printfb.o ABSOLUTE
    ../clib/microlib/printf/printf.c         0x00000000   Number         0  printf7.o ABSOLUTE
    ../clib/microlib/printf/printf.c         0x00000000   Number         0  printf0.o ABSOLUTE
    ../clib/microlib/printf/printf.c         0x00000000   Number         0  printf2.o ABSOLUTE
    ../clib/microlib/printf/printf.c         0x00000000   Number         0  printf5.o ABSOLUTE
    ../clib/microlib/printf/printf.c         0x00000000   Number         0  printf4.o ABSOLUTE
    ../clib/microlib/printf/printf.c         0x00000000   Number         0  printf3.o ABSOLUTE
    ../clib/microlib/printf/printf.c         0x00000000   Number         0  printfa.o ABSOLUTE
    ../clib/microlib/printf/printf.c         0x00000000   Number         0  printf1.o ABSOLUTE
    ../clib/microlib/printf/stubs.s          0x00000000   Number         0  stubs.o ABSOLUTE
    ../clib/microlib/stdio/streams.c         0x00000000   Number         0  stdout.o ABSOLUTE
    ../clib/microlib/stubs.s                 0x00000000   Number         0  iusefp.o ABSOLUTE
    ../fplib/microlib/fpadd.c                0x00000000   Number         0  dadd.o ABSOLUTE
    ../fplib/microlib/fpdiv.c                0x00000000   Number         0  ddiv.o ABSOLUTE
    ../fplib/microlib/fpepilogue.c           0x00000000   Number         0  depilogue.o ABSOLUTE
    ../fplib/microlib/fpfix.c                0x00000000   Number         0  dfixul.o ABSOLUTE
    ../fplib/microlib/fpmul.c                0x00000000   Number         0  dmul.o ABSOLUTE
    ASM\startup_stm32f10x_hd.s               0x00000000   Number         0  startup_stm32f10x_hd.o ABSOLUTE
    Lib\SRC\misc.c                           0x00000000   Number         0  misc.o ABSOLUTE
    Lib\SRC\stm32f10x_dma.c                  0x00000000   Number         0  stm32f10x_dma.o ABSOLUTE
    Lib\SRC\stm32f10x_gpio.c                 0x00000000   Number         0  stm32f10x_gpio.o ABSOLUTE
    Lib\SRC\stm32f10x_rcc.c                  0x00000000   Number         0  stm32f10x_rcc.o ABSOLUTE
    Lib\SRC\stm32f10x_sdio.c                 0x00000000   Number         0  stm32f10x_sdio.o ABSOLUTE
    Lib\SRC\stm32f10x_usart.c                0x00000000   Number         0  stm32f10x_usart.o ABSOLUTE
    System\\core_cm3.c                       0x00000000   Number         0  core_cm3.o ABSOLUTE
    System\core_cm3.c                        0x00000000   Number         0  core_cm3.o ABSOLUTE
    System\system_stm32f10x.c                0x00000000   Number         0  system_stm32f10x.o ABSOLUTE
    USR\dksd.c                               0x00000000   Number         0  dksd.o ABSOLUTE
    USR\main.c                               0x00000000   Number         0  main.o ABSOLUTE
    USR\stm32_eval_sdio_sd.c                 0x00000000   Number         0  stm32_eval_sdio_sd.o ABSOLUTE
    USR\stm32f10x_it.c                       0x00000000   Number         0  stm32f10x_it.o ABSOLUTE
    USR\usart.c                              0x00000000   Number         0  usart.o ABSOLUTE
    cdrcmple.s                               0x00000000   Number         0  cdrcmple.o ABSOLUTE
    dc.s                                     0x00000000   Number         0  dc.o ABSOLUTE
    handlers.s                               0x00000000   Number         0  handlers.o ABSOLUTE
    init.s                                   0x00000000   Number         0  init.o ABSOLUTE
    RESET                                    0x08000000   Section      304  startup_stm32f10x_hd.o(RESET)
    .ARM.Collect$$$$00000000                 0x08000130   Section        0  entry.o(.ARM.Collect$$$$00000000)
    .ARM.Collect$$$$00000001                 0x08000130   Section        4  entry2.o(.ARM.Collect$$$$00000001)
    .ARM.Collect$$$$00000004                 0x08000134   Section        4  entry5.o(.ARM.Collect$$$$00000004)
    .ARM.Collect$$$$00000008                 0x08000138   Section        0  entry7b.o(.ARM.Collect$$$$00000008)
    .ARM.Collect$$$$0000000A                 0x08000138   Section        0  entry8b.o(.ARM.Collect$$$$0000000A)
    .ARM.Collect$$$$0000000B                 0x08000138   Section        8  entry9a.o(.ARM.Collect$$$$0000000B)
    .ARM.Collect$$$$0000000D                 0x08000140   Section        0  entry10a.o(.ARM.Collect$$$$0000000D)
    .ARM.Collect$$$$0000000F                 0x08000140   Section        0  entry11a.o(.ARM.Collect$$$$0000000F)
    .ARM.Collect$$$$00002712                 0x08000140   Section        4  entry2.o(.ARM.Collect$$$$00002712)
    __lit__00000000                          0x08000140   Data           4  entry2.o(.ARM.Collect$$$$00002712)
    .text                                    0x08000144   Section       36  startup_stm32f10x_hd.o(.text)
    .text                                    0x08000168   Section       36  init.o(.text)
    i.Buffercmp                              0x0800018c   Section        0  main.o(i.Buffercmp)
    i.BusFault_Handler                       0x080001ae   Section        0  stm32f10x_it.o(i.BusFault_Handler)
    i.CmdError                               0x080001b2   Section        0  stm32_eval_sdio_sd.o(i.CmdError)
    CmdError                                 0x080001b3   Thumb Code    44  stm32_eval_sdio_sd.o(i.CmdError)
    i.CmdResp1Error                          0x080001e0   Section        0  stm32_eval_sdio_sd.o(i.CmdResp1Error)
    CmdResp1Error                            0x080001e1   Thumb Code    36  stm32_eval_sdio_sd.o(i.CmdResp1Error)
    i.CmdResp2Error                          0x08000208   Section        0  stm32_eval_sdio_sd.o(i.CmdResp2Error)
    CmdResp2Error                            0x08000209   Thumb Code    70  stm32_eval_sdio_sd.o(i.CmdResp2Error)
    i.CmdResp3Error                          0x08000254   Section        0  stm32_eval_sdio_sd.o(i.CmdResp3Error)
    CmdResp3Error                            0x08000255   Thumb Code    52  stm32_eval_sdio_sd.o(i.CmdResp3Error)
    i.CmdResp6Error                          0x0800028c   Section        0  stm32_eval_sdio_sd.o(i.CmdResp6Error)
    CmdResp6Error                            0x0800028d   Thumb Code   152  stm32_eval_sdio_sd.o(i.CmdResp6Error)
    i.CmdResp7Error                          0x08000328   Section        0  stm32_eval_sdio_sd.o(i.CmdResp7Error)
    CmdResp7Error                            0x08000329   Thumb Code    72  stm32_eval_sdio_sd.o(i.CmdResp7Error)
    i.ConfigurePrintf                        0x08000374   Section        0  usart.o(i.ConfigurePrintf)
    i.DMA_ClearFlag                          0x08000404   Section        0  stm32f10x_dma.o(i.DMA_ClearFlag)
    i.DMA_Cmd                                0x08000420   Section        0  stm32f10x_dma.o(i.DMA_Cmd)
    i.DMA_GetFlagStatus                      0x08000438   Section        0  stm32f10x_dma.o(i.DMA_GetFlagStatus)
    i.DMA_Init                               0x08000464   Section        0  stm32f10x_dma.o(i.DMA_Init)
    i.DebugMon_Handler                       0x080004a0   Section        0  stm32f10x_it.o(i.DebugMon_Handler)
    i.Fill_Buffer                            0x080004a2   Section        0  main.o(i.Fill_Buffer)
    i.FindSCR                                0x080004c4   Section        0  stm32_eval_sdio_sd.o(i.FindSCR)
    FindSCR                                  0x080004c5   Thumb Code   386  stm32_eval_sdio_sd.o(i.FindSCR)
    i.GPIO_Init                              0x08000658   Section        0  stm32f10x_gpio.o(i.GPIO_Init)
    i.GPIO_ReadInputDataBit                  0x0800076e   Section        0  stm32f10x_gpio.o(i.GPIO_ReadInputDataBit)
    i.GPIO_StructInit                        0x08000780   Section        0  stm32f10x_gpio.o(i.GPIO_StructInit)
    i.HardFault_Handler                      0x08000790   Section        0  stm32f10x_it.o(i.HardFault_Handler)
    i.IsCardProgramming                      0x08000794   Section        0  stm32_eval_sdio_sd.o(i.IsCardProgramming)
    IsCardProgramming                        0x08000795   Thumb Code   396  stm32_eval_sdio_sd.o(i.IsCardProgramming)
    i.MemManage_Handler                      0x08000930   Section        0  stm32f10x_it.o(i.MemManage_Handler)
    i.NMI_Handler                            0x08000934   Section        0  stm32f10x_it.o(i.NMI_Handler)
    i.NVIC_Configuration                     0x08000936   Section        0  main.o(i.NVIC_Configuration)
    i.NVIC_Init                              0x08000960   Section        0  misc.o(i.NVIC_Init)
    i.NVIC_PriorityGroupConfig               0x080009d0   Section        0  misc.o(i.NVIC_PriorityGroupConfig)
    i.PendSV_Handler                         0x080009e4   Section        0  stm32f10x_it.o(i.PendSV_Handler)
    i.RCC_AHBPeriphClockCmd                  0x080009e8   Section        0  stm32f10x_rcc.o(i.RCC_AHBPeriphClockCmd)
    i.RCC_APB1PeriphClockCmd                 0x08000a08   Section        0  stm32f10x_rcc.o(i.RCC_APB1PeriphClockCmd)
    i.RCC_APB2PeriphClockCmd                 0x08000a28   Section        0  stm32f10x_rcc.o(i.RCC_APB2PeriphClockCmd)
    i.RCC_GetClocksFreq                      0x08000a48   Section        0  stm32f10x_rcc.o(i.RCC_GetClocksFreq)
    i.SDEnWideBus                            0x08000b1c   Section        0  stm32_eval_sdio_sd.o(i.SDEnWideBus)
    SDEnWideBus                              0x08000b1d   Thumb Code   274  stm32_eval_sdio_sd.o(i.SDEnWideBus)
    i.SDIO_ClearFlag                         0x08000c38   Section        0  stm32f10x_sdio.o(i.SDIO_ClearFlag)
    i.SDIO_ClearITPendingBit                 0x08000c44   Section        0  stm32f10x_sdio.o(i.SDIO_ClearITPendingBit)
    i.SDIO_ClockCmd                          0x08000c50   Section        0  stm32f10x_sdio.o(i.SDIO_ClockCmd)
    i.SDIO_DMACmd                            0x08000c5c   Section        0  stm32f10x_sdio.o(i.SDIO_DMACmd)
    i.SDIO_DataConfig                        0x08000c68   Section        0  stm32f10x_sdio.o(i.SDIO_DataConfig)
    i.SDIO_DeInit                            0x08000c98   Section        0  stm32f10x_sdio.o(i.SDIO_DeInit)
    i.SDIO_GetCommandResponse                0x08000cbc   Section        0  stm32f10x_sdio.o(i.SDIO_GetCommandResponse)
    i.SDIO_GetFlagStatus                     0x08000cc8   Section        0  stm32f10x_sdio.o(i.SDIO_GetFlagStatus)
    i.SDIO_GetPowerState                     0x08000ce0   Section        0  stm32f10x_sdio.o(i.SDIO_GetPowerState)
    i.SDIO_GetResponse                       0x08000cf0   Section        0  stm32f10x_sdio.o(i.SDIO_GetResponse)
    i.SDIO_IRQHandler                        0x08000d08   Section        0  stm32f10x_it.o(i.SDIO_IRQHandler)
    i.SDIO_ITConfig                          0x08000d10   Section        0  stm32f10x_sdio.o(i.SDIO_ITConfig)
    i.SDIO_Init                              0x08000d30   Section        0  stm32f10x_sdio.o(i.SDIO_Init)
    i.SDIO_ReadData                          0x08000d60   Section        0  stm32f10x_sdio.o(i.SDIO_ReadData)
    i.SDIO_SendCommand                       0x08000d6c   Section        0  stm32f10x_sdio.o(i.SDIO_SendCommand)
    i.SDIO_SetPowerState                     0x08000d98   Section        0  stm32f10x_sdio.o(i.SDIO_SetPowerState)
    i.SD_DMAEndOfTransferStatus              0x08000db4   Section        0  dksd.o(i.SD_DMAEndOfTransferStatus)
    i.SD_Detect                              0x08000dc4   Section        0  stm32_eval_sdio_sd.o(i.SD_Detect)
    i.SD_EnableWideBusOperation              0x08000de4   Section        0  stm32_eval_sdio_sd.o(i.SD_EnableWideBusOperation)
    i.SD_Erase                               0x08000e74   Section        0  stm32_eval_sdio_sd.o(i.SD_Erase)
    i.SD_EraseTest                           0x08000fac   Section        0  main.o(i.SD_EraseTest)
    i.SD_GetCardInfo                         0x08001010   Section        0  stm32_eval_sdio_sd.o(i.SD_GetCardInfo)
    i.SD_GetState                            0x080012dc   Section        0  stm32_eval_sdio_sd.o(i.SD_GetState)
    i.SD_GetStatus                           0x08001302   Section        0  stm32_eval_sdio_sd.o(i.SD_GetStatus)
    i.SD_Init                                0x08001320   Section        0  stm32_eval_sdio_sd.o(i.SD_Init)
    i.SD_InitializeCards                     0x0800138c   Section        0  stm32_eval_sdio_sd.o(i.SD_InitializeCards)
    i.SD_LowLevel_DMA_RxConfig               0x080014c8   Section        0  dksd.o(i.SD_LowLevel_DMA_RxConfig)
    i.SD_LowLevel_DMA_TxConfig               0x0800152c   Section        0  dksd.o(i.SD_LowLevel_DMA_TxConfig)
    i.SD_LowLevel_Init                       0x08001590   Section        0  dksd.o(i.SD_LowLevel_Init)
    i.SD_MultiBlockTest                      0x080015f8   Section        0  main.o(i.SD_MultiBlockTest)
    i.SD_PowerON                             0x08001690   Section        0  stm32_eval_sdio_sd.o(i.SD_PowerON)
    i.SD_ProcessIRQSrc                       0x08001818   Section        0  stm32_eval_sdio_sd.o(i.SD_ProcessIRQSrc)
    i.SD_ReadMultiBlocks                     0x08001870   Section        0  stm32_eval_sdio_sd.o(i.SD_ReadMultiBlocks)
    i.SD_SelectDeselect                      0x08001958   Section        0  stm32_eval_sdio_sd.o(i.SD_SelectDeselect)
    i.SD_SendStatus                          0x0800198c   Section        0  stm32_eval_sdio_sd.o(i.SD_SendStatus)
    i.SD_WaitReadOperation                   0x080019c4   Section        0  stm32_eval_sdio_sd.o(i.SD_WaitReadOperation)
    i.SD_WaitWriteOperation                  0x080019f8   Section        0  stm32_eval_sdio_sd.o(i.SD_WaitWriteOperation)
    i.SD_WriteMultiBlocks                    0x08001a34   Section        0  stm32_eval_sdio_sd.o(i.SD_WriteMultiBlocks)
    i.SVC_Handler                            0x08001b50   Section        0  stm32f10x_it.o(i.SVC_Handler)
    i.SetSysClock                            0x08001b52   Section        0  system_stm32f10x.o(i.SetSysClock)
    SetSysClock                              0x08001b53   Thumb Code     8  system_stm32f10x.o(i.SetSysClock)
    i.SetSysClockTo72                        0x08001b5c   Section        0  system_stm32f10x.o(i.SetSysClockTo72)
    SetSysClockTo72                          0x08001b5d   Thumb Code   214  system_stm32f10x.o(i.SetSysClockTo72)
    i.SysTick_Handler                        0x08001c3c   Section        0  stm32f10x_it.o(i.SysTick_Handler)
    i.SystemInit                             0x08001c40   Section        0  system_stm32f10x.o(i.SystemInit)
    i.USART_Cmd                              0x08001ca0   Section        0  stm32f10x_usart.o(i.USART_Cmd)
    i.USART_GetFlagStatus                    0x08001cb8   Section        0  stm32f10x_usart.o(i.USART_GetFlagStatus)
    i.USART_Init                             0x08001cd4   Section        0  stm32f10x_usart.o(i.USART_Init)
    i.USART_SendData                         0x08001dac   Section        0  stm32f10x_usart.o(i.USART_SendData)
    i.UsageFault_Handler                     0x08001db4   Section        0  stm32f10x_it.o(i.UsageFault_Handler)
    i.__0printf$2                            0x08001db8   Section        0  printf2.o(i.__0printf$2)
    i.__scatterload_copy                     0x08001dd8   Section       14  handlers.o(i.__scatterload_copy)
    i.__scatterload_null                     0x08001de6   Section        2  handlers.o(i.__scatterload_null)
    i.__scatterload_zeroinit                 0x08001de8   Section       14  handlers.o(i.__scatterload_zeroinit)
    i._printf_core                           0x08001df6   Section        0  printf2.o(i._printf_core)
    _printf_core                             0x08001df7   Thumb Code   214  printf2.o(i._printf_core)
    i.eBuffercmp                             0x08001ecc   Section        0  main.o(i.eBuffercmp)
    i.fputc                                  0x08001eec   Section        0  usart.o(i.fputc)
    i.main                                   0x08001f10   Section        0  main.o(i.main)
    .data                                    0x20000000   Section        8  main.o(.data)
    .data                                    0x20000008   Section       20  stm32_eval_sdio_sd.o(.data)
    CardType                                 0x20000008   Data           4  stm32_eval_sdio_sd.o(.data)
    RCA                                      0x2000000c   Data           4  stm32_eval_sdio_sd.o(.data)
    .data                                    0x2000001c   Section       20  stm32f10x_rcc.o(.data)
    APBAHBPrescTable                         0x2000001c   Data          16  stm32f10x_rcc.o(.data)
    ADCPrescTable                            0x2000002c   Data           4  stm32f10x_rcc.o(.data)
    .data                                    0x20000030   Section        4  stdout.o(.data)
    .bss                                     0x20000034   Section    33792  main.o(.bss)
    .bss                                     0x20008434   Section      196  stm32_eval_sdio_sd.o(.bss)
    CSD_Tab                                  0x20008434   Data          16  stm32_eval_sdio_sd.o(.bss)
    CID_Tab                                  0x20008444   Data          16  stm32_eval_sdio_sd.o(.bss)
    SDSTATUS_Tab                             0x20008454   Data          16  stm32_eval_sdio_sd.o(.bss)
    STACK                                    0x200084f8   Section     1024  startup_stm32f10x_hd.o(STACK)

    Global Symbols

    Symbol Name                              Value     Ov Type        Size  Object(Section)

    BuildAttributes$$THM_ISAv4$P$D$K$B$S$PE$A:L22UL41UL21$X:L11$S22US41US21$IEEE1$IW$USESV6$~STKCKD$USESV7$~SHL$OSPACE$ROPI$EBA8$MICROLIB$REQ8$PRES8$EABIv2 0x00000000   Number         0  anon$$obj.o ABSOLUTE
    __ARM_use_no_argv                        0x00000000   Number         0  main.o ABSOLUTE
    _printf_a                                0x00000000   Number         0  stubs.o ABSOLUTE
    _printf_c                                0x00000000   Number         0  stubs.o ABSOLUTE
    _printf_charcount                        0x00000000   Number         0  stubs.o ABSOLUTE
    _printf_d                                0x00000000   Number         0  stubs.o ABSOLUTE
    _printf_e                                0x00000000   Number         0  stubs.o ABSOLUTE
    _printf_f                                0x00000000   Number         0  stubs.o ABSOLUTE
    _printf_flags                            0x00000000   Number         0  stubs.o ABSOLUTE
    _printf_fp_dec                           0x00000000   Number         0  stubs.o ABSOLUTE
    _printf_fp_hex                           0x00000000   Number         0  stubs.o ABSOLUTE
    _printf_g                                0x00000000   Number         0  stubs.o ABSOLUTE
    _printf_i                                0x00000000   Number         0  stubs.o ABSOLUTE
    _printf_int_dec                          0x00000000   Number         0  stubs.o ABSOLUTE
    _printf_l                                0x00000000   Number         0  stubs.o ABSOLUTE
    _printf_lc                               0x00000000   Number         0  stubs.o ABSOLUTE
    _printf_ll                               0x00000000   Number         0  stubs.o ABSOLUTE
    _printf_lld                              0x00000000   Number         0  stubs.o ABSOLUTE
    _printf_lli                              0x00000000   Number         0  stubs.o ABSOLUTE
    _printf_llo                              0x00000000   Number         0  stubs.o ABSOLUTE
    _printf_llu                              0x00000000   Number         0  stubs.o ABSOLUTE
    _printf_llx                              0x00000000   Number         0  stubs.o ABSOLUTE
    _printf_longlong_dec                     0x00000000   Number         0  stubs.o ABSOLUTE
    _printf_longlong_hex                     0x00000000   Number         0  stubs.o ABSOLUTE
    _printf_longlong_oct                     0x00000000   Number         0  stubs.o ABSOLUTE
    _printf_ls                               0x00000000   Number         0  stubs.o ABSOLUTE
    _printf_mbtowc                           0x00000000   Number         0  stubs.o ABSOLUTE
    _printf_n                                0x00000000   Number         0  stubs.o ABSOLUTE
    _printf_o                                0x00000000   Number         0  stubs.o ABSOLUTE
    _printf_p                                0x00000000   Number         0  stubs.o ABSOLUTE
    _printf_percent                          0x00000000   Number         0  stubs.o ABSOLUTE
    _printf_pre_padding                      0x00000000   Number         0  stubs.o ABSOLUTE
    _printf_return_value                     0x00000000   Number         0  stubs.o ABSOLUTE
    _printf_s                                0x00000000   Number         0  stubs.o ABSOLUTE
    _printf_sizespec                         0x00000000   Number         0  stubs.o ABSOLUTE
    _printf_str                              0x00000000   Number         0  stubs.o ABSOLUTE
    _printf_truncate_signed                  0x00000000   Number         0  stubs.o ABSOLUTE
    _printf_truncate_unsigned                0x00000000   Number         0  stubs.o ABSOLUTE
    _printf_u                                0x00000000   Number         0  stubs.o ABSOLUTE
    _printf_wc                               0x00000000   Number         0  stubs.o ABSOLUTE
    _printf_wctomb                           0x00000000   Number         0  stubs.o ABSOLUTE
    _printf_widthprec                        0x00000000   Number         0  stubs.o ABSOLUTE
    _printf_x                                0x00000000   Number         0  stubs.o ABSOLUTE
    __cpp_initialize__aeabi_                  - Undefined Weak Reference
    __cxa_finalize                            - Undefined Weak Reference
    __decompress                              - Undefined Weak Reference
    _clock_init                               - Undefined Weak Reference
    _microlib_exit                            - Undefined Weak Reference
    __Vectors_Size                           0x00000130   Number         0  startup_stm32f10x_hd.o ABSOLUTE
    __Vectors                                0x08000000   Data           4  startup_stm32f10x_hd.o(RESET)
    __Vectors_End                            0x08000130   Data           0  startup_stm32f10x_hd.o(RESET)
    __main                                   0x08000131   Thumb Code     0  entry.o(.ARM.Collect$$$$00000000)
    _main_stk                                0x08000131   Thumb Code     0  entry2.o(.ARM.Collect$$$$00000001)
    _main_scatterload                        0x08000135   Thumb Code     0  entry5.o(.ARM.Collect$$$$00000004)
    __main_after_scatterload                 0x08000139   Thumb Code     0  entry5.o(.ARM.Collect$$$$00000004)
    _main_clock                              0x08000139   Thumb Code     0  entry7b.o(.ARM.Collect$$$$00000008)
    _main_cpp_init                           0x08000139   Thumb Code     0  entry8b.o(.ARM.Collect$$$$0000000A)
    _main_init                               0x08000139   Thumb Code     0  entry9a.o(.ARM.Collect$$$$0000000B)
    __rt_final_cpp                           0x08000141   Thumb Code     0  entry10a.o(.ARM.Collect$$$$0000000D)
    __rt_final_exit                          0x08000141   Thumb Code     0  entry11a.o(.ARM.Collect$$$$0000000F)
    Reset_Handler                            0x08000145   Thumb Code     8  startup_stm32f10x_hd.o(.text)
    ADC1_2_IRQHandler                        0x0800015f   Thumb Code     0  startup_stm32f10x_hd.o(.text)
    ADC3_IRQHandler                          0x0800015f   Thumb Code     0  startup_stm32f10x_hd.o(.text)
    CAN1_RX1_IRQHandler                      0x0800015f   Thumb Code     0  startup_stm32f10x_hd.o(.text)
    CAN1_SCE_IRQHandler                      0x0800015f   Thumb Code     0  startup_stm32f10x_hd.o(.text)
    DMA1_Channel1_IRQHandler                 0x0800015f   Thumb Code     0  startup_stm32f10x_hd.o(.text)
    DMA1_Channel2_IRQHandler                 0x0800015f   Thumb Code     0  startup_stm32f10x_hd.o(.text)
    DMA1_Channel3_IRQHandler                 0x0800015f   Thumb Code     0  startup_stm32f10x_hd.o(.text)
    DMA1_Channel4_IRQHandler                 0x0800015f   Thumb Code     0  startup_stm32f10x_hd.o(.text)
    DMA1_Channel5_IRQHandler                 0x0800015f   Thumb Code     0  startup_stm32f10x_hd.o(.text)
    DMA1_Channel6_IRQHandler                 0x0800015f   Thumb Code     0  startup_stm32f10x_hd.o(.text)
    DMA1_Channel7_IRQHandler                 0x0800015f   Thumb Code     0  startup_stm32f10x_hd.o(.text)
    DMA2_Channel1_IRQHandler                 0x0800015f   Thumb Code     0  startup_stm32f10x_hd.o(.text)
    DMA2_Channel2_IRQHandler                 0x0800015f   Thumb Code     0  startup_stm32f10x_hd.o(.text)
    DMA2_Channel3_IRQHandler                 0x0800015f   Thumb Code     0  startup_stm32f10x_hd.o(.text)
    DMA2_Channel4_5_IRQHandler               0x0800015f   Thumb Code     0  startup_stm32f10x_hd.o(.text)
    EXTI0_IRQHandler                         0x0800015f   Thumb Code     0  startup_stm32f10x_hd.o(.text)
    EXTI15_10_IRQHandler                     0x0800015f   Thumb Code     0  startup_stm32f10x_hd.o(.text)
    EXTI1_IRQHandler                         0x0800015f   Thumb Code     0  startup_stm32f10x_hd.o(.text)
    EXTI2_IRQHandler                         0x0800015f   Thumb Code     0  startup_stm32f10x_hd.o(.text)
    EXTI3_IRQHandler                         0x0800015f   Thumb Code     0  startup_stm32f10x_hd.o(.text)
    EXTI4_IRQHandler                         0x0800015f   Thumb Code     0  startup_stm32f10x_hd.o(.text)
    EXTI9_5_IRQHandler                       0x0800015f   Thumb Code     0  startup_stm32f10x_hd.o(.text)
    FLASH_IRQHandler                         0x0800015f   Thumb Code     0  startup_stm32f10x_hd.o(.text)
    FSMC_IRQHandler                          0x0800015f   Thumb Code     0  startup_stm32f10x_hd.o(.text)
    I2C1_ER_IRQHandler                       0x0800015f   Thumb Code     0  startup_stm32f10x_hd.o(.text)
    I2C1_EV_IRQHandler                       0x0800015f   Thumb Code     0  startup_stm32f10x_hd.o(.text)
    I2C2_ER_IRQHandler                       0x0800015f   Thumb Code     0  startup_stm32f10x_hd.o(.text)
    I2C2_EV_IRQHandler                       0x0800015f   Thumb Code     0  startup_stm32f10x_hd.o(.text)
    PVD_IRQHandler                           0x0800015f   Thumb Code     0  startup_stm32f10x_hd.o(.text)
    RCC_IRQHandler                           0x0800015f   Thumb Code     0  startup_stm32f10x_hd.o(.text)
    RTCAlarm_IRQHandler                      0x0800015f   Thumb Code     0  startup_stm32f10x_hd.o(.text)
    RTC_IRQHandler                           0x0800015f   Thumb Code     0  startup_stm32f10x_hd.o(.text)
    SPI1_IRQHandler                          0x0800015f   Thumb Code     0  startup_stm32f10x_hd.o(.text)
    SPI2_IRQHandler                          0x0800015f   Thumb Code     0  startup_stm32f10x_hd.o(.text)
    SPI3_IRQHandler                          0x0800015f   Thumb Code     0  startup_stm32f10x_hd.o(.text)
    TAMPER_IRQHandler                        0x0800015f   Thumb Code     0  startup_stm32f10x_hd.o(.text)
    TIM1_BRK_IRQHandler                      0x0800015f   Thumb Code     0  startup_stm32f10x_hd.o(.text)
    TIM1_CC_IRQHandler                       0x0800015f   Thumb Code     0  startup_stm32f10x_hd.o(.text)
    TIM1_TRG_COM_IRQHandler                  0x0800015f   Thumb Code     0  startup_stm32f10x_hd.o(.text)
    TIM1_UP_IRQHandler                       0x0800015f   Thumb Code     0  startup_stm32f10x_hd.o(.text)
    TIM2_IRQHandler                          0x0800015f   Thumb Code     0  startup_stm32f10x_hd.o(.text)
    TIM3_IRQHandler                          0x0800015f   Thumb Code     0  startup_stm32f10x_hd.o(.text)
    TIM4_IRQHandler                          0x0800015f   Thumb Code     0  startup_stm32f10x_hd.o(.text)
    TIM5_IRQHandler                          0x0800015f   Thumb Code     0  startup_stm32f10x_hd.o(.text)
    TIM6_IRQHandler                          0x0800015f   Thumb Code     0  startup_stm32f10x_hd.o(.text)
    TIM7_IRQHandler                          0x0800015f   Thumb Code     0  startup_stm32f10x_hd.o(.text)
    TIM8_BRK_IRQHandler                      0x0800015f   Thumb Code     0  startup_stm32f10x_hd.o(.text)
    TIM8_CC_IRQHandler                       0x0800015f   Thumb Code     0  startup_stm32f10x_hd.o(.text)
    TIM8_TRG_COM_IRQHandler                  0x0800015f   Thumb Code     0  startup_stm32f10x_hd.o(.text)
    TIM8_UP_IRQHandler                       0x0800015f   Thumb Code     0  startup_stm32f10x_hd.o(.text)
    UART4_IRQHandler                         0x0800015f   Thumb Code     0  startup_stm32f10x_hd.o(.text)
    UART5_IRQHandler                         0x0800015f   Thumb Code     0  startup_stm32f10x_hd.o(.text)
    USART1_IRQHandler                        0x0800015f   Thumb Code     0  startup_stm32f10x_hd.o(.text)
    USART2_IRQHandler                        0x0800015f   Thumb Code     0  startup_stm32f10x_hd.o(.text)
    USART3_IRQHandler                        0x0800015f   Thumb Code     0  startup_stm32f10x_hd.o(.text)
    USBWakeUp_IRQHandler                     0x0800015f   Thumb Code     0  startup_stm32f10x_hd.o(.text)
    USB_HP_CAN1_TX_IRQHandler                0x0800015f   Thumb Code     0  startup_stm32f10x_hd.o(.text)
    USB_LP_CAN1_RX0_IRQHandler               0x0800015f   Thumb Code     0  startup_stm32f10x_hd.o(.text)
    WWDG_IRQHandler                          0x0800015f   Thumb Code     0  startup_stm32f10x_hd.o(.text)
    __scatterload                            0x08000169   Thumb Code    28  init.o(.text)
    __scatterload_rt2                        0x08000169   Thumb Code     0  init.o(.text)
    Buffercmp                                0x0800018d   Thumb Code    34  main.o(i.Buffercmp)
    BusFault_Handler                         0x080001af   Thumb Code     4  stm32f10x_it.o(i.BusFault_Handler)
    ConfigurePrintf                          0x08000375   Thumb Code   136  usart.o(i.ConfigurePrintf)
    DMA_ClearFlag                            0x08000405   Thumb Code    18  stm32f10x_dma.o(i.DMA_ClearFlag)
    DMA_Cmd                                  0x08000421   Thumb Code    24  stm32f10x_dma.o(i.DMA_Cmd)
    DMA_GetFlagStatus                        0x08000439   Thumb Code    36  stm32f10x_dma.o(i.DMA_GetFlagStatus)
    DMA_Init                                 0x08000465   Thumb Code    60  stm32f10x_dma.o(i.DMA_Init)
    DebugMon_Handler                         0x080004a1   Thumb Code     2  stm32f10x_it.o(i.DebugMon_Handler)
    Fill_Buffer                              0x080004a3   Thumb Code    34  main.o(i.Fill_Buffer)
    GPIO_Init                                0x08000659   Thumb Code   278  stm32f10x_gpio.o(i.GPIO_Init)
    GPIO_ReadInputDataBit                    0x0800076f   Thumb Code    18  stm32f10x_gpio.o(i.GPIO_ReadInputDataBit)
    GPIO_StructInit                          0x08000781   Thumb Code    16  stm32f10x_gpio.o(i.GPIO_StructInit)
    HardFault_Handler                        0x08000791   Thumb Code     4  stm32f10x_it.o(i.HardFault_Handler)
    MemManage_Handler                        0x08000931   Thumb Code     4  stm32f10x_it.o(i.MemManage_Handler)
    NMI_Handler                              0x08000935   Thumb Code     2  stm32f10x_it.o(i.NMI_Handler)
    NVIC_Configuration                       0x08000937   Thumb Code    40  main.o(i.NVIC_Configuration)
    NVIC_Init                                0x08000961   Thumb Code   100  misc.o(i.NVIC_Init)
    NVIC_PriorityGroupConfig                 0x080009d1   Thumb Code    10  misc.o(i.NVIC_PriorityGroupConfig)
    PendSV_Handler                           0x080009e5   Thumb Code     2  stm32f10x_it.o(i.PendSV_Handler)
    RCC_AHBPeriphClockCmd                    0x080009e9   Thumb Code    26  stm32f10x_rcc.o(i.RCC_AHBPeriphClockCmd)
    RCC_APB1PeriphClockCmd                   0x08000a09   Thumb Code    26  stm32f10x_rcc.o(i.RCC_APB1PeriphClockCmd)
    RCC_APB2PeriphClockCmd                   0x08000a29   Thumb Code    26  stm32f10x_rcc.o(i.RCC_APB2PeriphClockCmd)
    RCC_GetClocksFreq                        0x08000a49   Thumb Code   192  stm32f10x_rcc.o(i.RCC_GetClocksFreq)
    SDIO_ClearFlag                           0x08000c39   Thumb Code     6  stm32f10x_sdio.o(i.SDIO_ClearFlag)
    SDIO_ClearITPendingBit                   0x08000c45   Thumb Code     6  stm32f10x_sdio.o(i.SDIO_ClearITPendingBit)
    SDIO_ClockCmd                            0x08000c51   Thumb Code     6  stm32f10x_sdio.o(i.SDIO_ClockCmd)
    SDIO_DMACmd                              0x08000c5d   Thumb Code     6  stm32f10x_sdio.o(i.SDIO_DMACmd)
    SDIO_DataConfig                          0x08000c69   Thumb Code    42  stm32f10x_sdio.o(i.SDIO_DataConfig)
    SDIO_DeInit                              0x08000c99   Thumb Code    28  stm32f10x_sdio.o(i.SDIO_DeInit)
    SDIO_GetCommandResponse                  0x08000cbd   Thumb Code     8  stm32f10x_sdio.o(i.SDIO_GetCommandResponse)
    SDIO_GetFlagStatus                       0x08000cc9   Thumb Code    20  stm32f10x_sdio.o(i.SDIO_GetFlagStatus)
    SDIO_GetPowerState                       0x08000ce1   Thumb Code    10  stm32f10x_sdio.o(i.SDIO_GetPowerState)
    SDIO_GetResponse                         0x08000cf1   Thumb Code    20  stm32f10x_sdio.o(i.SDIO_GetResponse)
    SDIO_IRQHandler                          0x08000d09   Thumb Code     8  stm32f10x_it.o(i.SDIO_IRQHandler)
    SDIO_ITConfig                            0x08000d11   Thumb Code    26  stm32f10x_sdio.o(i.SDIO_ITConfig)
    SDIO_Init                                0x08000d31   Thumb Code    42  stm32f10x_sdio.o(i.SDIO_Init)
    SDIO_ReadData                            0x08000d61   Thumb Code     6  stm32f10x_sdio.o(i.SDIO_ReadData)
    SDIO_SendCommand                         0x08000d6d   Thumb Code    38  stm32f10x_sdio.o(i.SDIO_SendCommand)
    SDIO_SetPowerState                       0x08000d99   Thumb Code    22  stm32f10x_sdio.o(i.SDIO_SetPowerState)
    SD_DMAEndOfTransferStatus                0x08000db5   Thumb Code    10  dksd.o(i.SD_DMAEndOfTransferStatus)
    SD_Detect                                0x08000dc5   Thumb Code    26  stm32_eval_sdio_sd.o(i.SD_Detect)
    SD_EnableWideBusOperation                0x08000de5   Thumb Code   136  stm32_eval_sdio_sd.o(i.SD_EnableWideBusOperation)
    SD_Erase                                 0x08000e75   Thumb Code   290  stm32_eval_sdio_sd.o(i.SD_Erase)
    SD_EraseTest                             0x08000fad   Thumb Code    88  main.o(i.SD_EraseTest)
    SD_GetCardInfo                           0x08001011   Thumb Code   700  stm32_eval_sdio_sd.o(i.SD_GetCardInfo)
    SD_GetState                              0x080012dd   Thumb Code    38  stm32_eval_sdio_sd.o(i.SD_GetState)
    SD_GetStatus                             0x08001303   Thumb Code    30  stm32_eval_sdio_sd.o(i.SD_GetStatus)
    SD_Init                                  0x08001321   Thumb Code   100  stm32_eval_sdio_sd.o(i.SD_Init)
    SD_InitializeCards                       0x0800138d   Thumb Code   294  stm32_eval_sdio_sd.o(i.SD_InitializeCards)
    SD_LowLevel_DMA_RxConfig                 0x080014c9   Thumb Code    86  dksd.o(i.SD_LowLevel_DMA_RxConfig)
    SD_LowLevel_DMA_TxConfig                 0x0800152d   Thumb Code    86  dksd.o(i.SD_LowLevel_DMA_TxConfig)
    SD_LowLevel_Init                         0x08001591   Thumb Code    92  dksd.o(i.SD_LowLevel_Init)
    SD_MultiBlockTest                        0x080015f9   Thumb Code   130  main.o(i.SD_MultiBlockTest)
    SD_PowerON                               0x08001691   Thumb Code   374  stm32_eval_sdio_sd.o(i.SD_PowerON)
    SD_ProcessIRQSrc                         0x08001819   Thumb Code    70  stm32_eval_sdio_sd.o(i.SD_ProcessIRQSrc)
    SD_ReadMultiBlocks                       0x08001871   Thumb Code   202  stm32_eval_sdio_sd.o(i.SD_ReadMultiBlocks)
    SD_SelectDeselect                        0x08001959   Thumb Code    48  stm32_eval_sdio_sd.o(i.SD_SelectDeselect)
    SD_SendStatus                            0x0800198d   Thumb Code    46  stm32_eval_sdio_sd.o(i.SD_SendStatus)
    SD_WaitReadOperation                     0x080019c5   Thumb Code    42  stm32_eval_sdio_sd.o(i.SD_WaitReadOperation)
    SD_WaitWriteOperation                    0x080019f9   Thumb Code    50  stm32_eval_sdio_sd.o(i.SD_WaitWriteOperation)
    SD_WriteMultiBlocks                      0x08001a35   Thumb Code   250  stm32_eval_sdio_sd.o(i.SD_WriteMultiBlocks)
    SVC_Handler                              0x08001b51   Thumb Code     2  stm32f10x_it.o(i.SVC_Handler)
    SysTick_Handler                          0x08001c3d   Thumb Code     2  stm32f10x_it.o(i.SysTick_Handler)
    SystemInit                               0x08001c41   Thumb Code    78  system_stm32f10x.o(i.SystemInit)
    USART_Cmd                                0x08001ca1   Thumb Code    24  stm32f10x_usart.o(i.USART_Cmd)
    USART_GetFlagStatus                      0x08001cb9   Thumb Code    26  stm32f10x_usart.o(i.USART_GetFlagStatus)
    USART_Init                               0x08001cd5   Thumb Code   210  stm32f10x_usart.o(i.USART_Init)
    USART_SendData                           0x08001dad   Thumb Code     8  stm32f10x_usart.o(i.USART_SendData)
    UsageFault_Handler                       0x08001db5   Thumb Code     4  stm32f10x_it.o(i.UsageFault_Handler)
    __0printf$2                              0x08001db9   Thumb Code    22  printf2.o(i.__0printf$2)
    __1printf$2                              0x08001db9   Thumb Code     0  printf2.o(i.__0printf$2)
    __2printf                                0x08001db9   Thumb Code     0  printf2.o(i.__0printf$2)
    __scatterload_copy                       0x08001dd9   Thumb Code    14  handlers.o(i.__scatterload_copy)
    __scatterload_null                       0x08001de7   Thumb Code     2  handlers.o(i.__scatterload_null)
    __scatterload_zeroinit                   0x08001de9   Thumb Code    14  handlers.o(i.__scatterload_zeroinit)
    eBuffercmp                               0x08001ecd   Thumb Code    32  main.o(i.eBuffercmp)
    fputc                                    0x08001eed   Thumb Code    32  usart.o(i.fputc)
    main                                     0x08001f11   Thumb Code    82  main.o(i.main)
    Region$$Table$$Base                      0x08001f6c   Number         0  anon$$obj.o(Region$$Table)
    Region$$Table$$Limit                     0x08001f8c   Number         0  anon$$obj.o(Region$$Table)
    EraseStatus                              0x20000000   Data           1  main.o(.data)
    TransferStatus1                          0x20000001   Data           1  main.o(.data)
    TransferStatus2                          0x20000002   Data           1  main.o(.data)
    Status                                   0x20000003   Data           1  main.o(.data)
    SDCardOperation                          0x20000004   Data           4  main.o(.data)
    StopCondition                            0x20000010   Data           4  stm32_eval_sdio_sd.o(.data)
    TransferError                            0x20000014   Data           1  stm32_eval_sdio_sd.o(.data)
    TransferEnd                              0x20000018   Data           4  stm32_eval_sdio_sd.o(.data)
    __stdout                                 0x20000030   Data           4  stdout.o(.data)
    Buffer_Block_Tx                          0x20000034   Data         512  main.o(.bss)
    Buffer_Block_Rx                          0x20000234   Data         512  main.o(.bss)
    Buffer_MultiBlock_Tx                     0x20000434   Data       16384  main.o(.bss)
    Buffer_MultiBlock_Rx                     0x20004434   Data       16384  main.o(.bss)
    SDCardInfo                               0x20008464   Data          80  stm32_eval_sdio_sd.o(.bss)
    SDIO_InitStructure                       0x200084b4   Data          24  stm32_eval_sdio_sd.o(.bss)
    SDIO_CmdInitStructure                    0x200084cc   Data          20  stm32_eval_sdio_sd.o(.bss)
    SDIO_DataInitStructure                   0x200084e0   Data          24  stm32_eval_sdio_sd.o(.bss)
    __initial_sp                             0x200088f8   Data           0  startup_stm32f10x_hd.o(STACK)



==============================================================================

Memory Map of the image

  Image Entry point : 0x08000131

  Load Region LR_IROM1 (Base: 0x08000000, Size: 0x00001fc0, Max: 0x00080000, ABSOLUTE)

    Execution Region ER_IROM1 (Base: 0x08000000, Size: 0x00001f8c, Max: 0x00080000, ABSOLUTE)

    Base Addr    Size         Type   Attr      Idx    E Section Name        Object

    0x08000000   0x00000130   Data   RO            3    RESET               startup_stm32f10x_hd.o
    0x08000130   0x00000000   Code   RO         1284  * .ARM.Collect$$$$00000000  mc_w.l(entry.o)
    0x08000130   0x00000004   Code   RO         1548    .ARM.Collect$$$$00000001  mc_w.l(entry2.o)
    0x08000134   0x00000004   Code   RO         1551    .ARM.Collect$$$$00000004  mc_w.l(entry5.o)
    0x08000138   0x00000000   Code   RO         1553    .ARM.Collect$$$$00000008  mc_w.l(entry7b.o)
    0x08000138   0x00000000   Code   RO         1555    .ARM.Collect$$$$0000000A  mc_w.l(entry8b.o)
    0x08000138   0x00000008   Code   RO         1556    .ARM.Collect$$$$0000000B  mc_w.l(entry9a.o)
    0x08000140   0x00000000   Code   RO         1558    .ARM.Collect$$$$0000000D  mc_w.l(entry10a.o)
    0x08000140   0x00000000   Code   RO         1560    .ARM.Collect$$$$0000000F  mc_w.l(entry11a.o)
    0x08000140   0x00000004   Code   RO         1549    .ARM.Collect$$$$00002712  mc_w.l(entry2.o)
    0x08000144   0x00000024   Code   RO            4    .text               startup_stm32f10x_hd.o
    0x08000168   0x00000024   Code   RO         1578    .text               mc_w.l(init.o)
    0x0800018c   0x00000022   Code   RO           10    i.Buffercmp         main.o
    0x080001ae   0x00000004   Code   RO          337    i.BusFault_Handler  stm32f10x_it.o
    0x080001b2   0x0000002c   Code   RO          129    i.CmdError          stm32_eval_sdio_sd.o
    0x080001de   0x00000002   PAD
    0x080001e0   0x00000028   Code   RO          130    i.CmdResp1Error     stm32_eval_sdio_sd.o
    0x08000208   0x0000004c   Code   RO          131    i.CmdResp2Error     stm32_eval_sdio_sd.o
    0x08000254   0x00000038   Code   RO          132    i.CmdResp3Error     stm32_eval_sdio_sd.o
    0x0800028c   0x0000009c   Code   RO          133    i.CmdResp6Error     stm32_eval_sdio_sd.o
    0x08000328   0x0000004c   Code   RO          134    i.CmdResp7Error     stm32_eval_sdio_sd.o
    0x08000374   0x00000090   Code   RO          108    i.ConfigurePrintf   usart.o
    0x08000404   0x0000001c   Code   RO         1212    i.DMA_ClearFlag     stm32f10x_dma.o
    0x08000420   0x00000018   Code   RO         1214    i.DMA_Cmd           stm32f10x_dma.o
    0x08000438   0x0000002c   Code   RO         1217    i.DMA_GetFlagStatus  stm32f10x_dma.o
    0x08000464   0x0000003c   Code   RO         1220    i.DMA_Init          stm32f10x_dma.o
    0x080004a0   0x00000002   Code   RO          338    i.DebugMon_Handler  stm32f10x_it.o
    0x080004a2   0x00000022   Code   RO           11    i.Fill_Buffer       main.o
    0x080004c4   0x00000194   Code   RO          135    i.FindSCR           stm32_eval_sdio_sd.o
    0x08000658   0x00000116   Code   RO          502    i.GPIO_Init         stm32f10x_gpio.o
    0x0800076e   0x00000012   Code   RO          506    i.GPIO_ReadInputDataBit  stm32f10x_gpio.o
    0x08000780   0x00000010   Code   RO          511    i.GPIO_StructInit   stm32f10x_gpio.o
    0x08000790   0x00000004   Code   RO          339    i.HardFault_Handler  stm32f10x_it.o
    0x08000794   0x0000019c   Code   RO          136    i.IsCardProgramming  stm32_eval_sdio_sd.o
    0x08000930   0x00000004   Code   RO          340    i.MemManage_Handler  stm32f10x_it.o
    0x08000934   0x00000002   Code   RO          341    i.NMI_Handler       stm32f10x_it.o
    0x08000936   0x00000028   Code   RO           12    i.NVIC_Configuration  main.o
    0x0800095e   0x00000002   PAD
    0x08000960   0x00000070   Code   RO          810    i.NVIC_Init         misc.o
    0x080009d0   0x00000014   Code   RO          811    i.NVIC_PriorityGroupConfig  misc.o
    0x080009e4   0x00000002   Code   RO          342    i.PendSV_Handler    stm32f10x_it.o
    0x080009e6   0x00000002   PAD
    0x080009e8   0x00000020   Code   RO          611    i.RCC_AHBPeriphClockCmd  stm32f10x_rcc.o
    0x08000a08   0x00000020   Code   RO          612    i.RCC_APB1PeriphClockCmd  stm32f10x_rcc.o
    0x08000a28   0x00000020   Code   RO          614    i.RCC_APB2PeriphClockCmd  stm32f10x_rcc.o
    0x08000a48   0x000000d4   Code   RO          622    i.RCC_GetClocksFreq  stm32f10x_rcc.o
    0x08000b1c   0x0000011c   Code   RO          137    i.SDEnWideBus       stm32_eval_sdio_sd.o
    0x08000c38   0x0000000c   Code   RO          847    i.SDIO_ClearFlag    stm32f10x_sdio.o
    0x08000c44   0x0000000c   Code   RO          848    i.SDIO_ClearITPendingBit  stm32f10x_sdio.o
    0x08000c50   0x0000000c   Code   RO          849    i.SDIO_ClockCmd     stm32f10x_sdio.o
    0x08000c5c   0x0000000c   Code   RO          852    i.SDIO_DMACmd       stm32f10x_sdio.o
    0x08000c68   0x00000030   Code   RO          853    i.SDIO_DataConfig   stm32f10x_sdio.o
    0x08000c98   0x00000024   Code   RO          855    i.SDIO_DeInit       stm32f10x_sdio.o
    0x08000cbc   0x0000000c   Code   RO          856    i.SDIO_GetCommandResponse  stm32f10x_sdio.o
    0x08000cc8   0x00000018   Code   RO          859    i.SDIO_GetFlagStatus  stm32f10x_sdio.o
    0x08000ce0   0x00000010   Code   RO          861    i.SDIO_GetPowerState  stm32f10x_sdio.o
    0x08000cf0   0x00000018   Code   RO          862    i.SDIO_GetResponse  stm32f10x_sdio.o
    0x08000d08   0x00000008   Code   RO          343    i.SDIO_IRQHandler   stm32f10x_it.o
    0x08000d10   0x00000020   Code   RO          863    i.SDIO_ITConfig     stm32f10x_sdio.o
    0x08000d30   0x00000030   Code   RO          864    i.SDIO_Init         stm32f10x_sdio.o
    0x08000d60   0x0000000c   Code   RO          865    i.SDIO_ReadData     stm32f10x_sdio.o
    0x08000d6c   0x0000002c   Code   RO          867    i.SDIO_SendCommand  stm32f10x_sdio.o
    0x08000d98   0x0000001c   Code   RO          869    i.SDIO_SetPowerState  stm32f10x_sdio.o
    0x08000db4   0x00000010   Code   RO          406    i.SD_DMAEndOfTransferStatus  dksd.o
    0x08000dc4   0x00000020   Code   RO          139    i.SD_Detect         stm32_eval_sdio_sd.o
    0x08000de4   0x00000090   Code   RO          140    i.SD_EnableWideBusOperation  stm32_eval_sdio_sd.o
    0x08000e74   0x00000138   Code   RO          141    i.SD_Erase          stm32_eval_sdio_sd.o
    0x08000fac   0x00000064   Code   RO           13    i.SD_EraseTest      main.o
    0x08001010   0x000002cc   Code   RO          142    i.SD_GetCardInfo    stm32_eval_sdio_sd.o
    0x080012dc   0x00000026   Code   RO          144    i.SD_GetState       stm32_eval_sdio_sd.o
    0x08001302   0x0000001e   Code   RO          145    i.SD_GetStatus      stm32_eval_sdio_sd.o
    0x08001320   0x0000006c   Code   RO          147    i.SD_Init           stm32_eval_sdio_sd.o
    0x0800138c   0x0000013c   Code   RO          148    i.SD_InitializeCards  stm32_eval_sdio_sd.o
    0x080014c8   0x00000064   Code   RO          407    i.SD_LowLevel_DMA_RxConfig  dksd.o
    0x0800152c   0x00000064   Code   RO          408    i.SD_LowLevel_DMA_TxConfig  dksd.o
    0x08001590   0x00000068   Code   RO          410    i.SD_LowLevel_Init  dksd.o
    0x080015f8   0x00000098   Code   RO           14    i.SD_MultiBlockTest  main.o
    0x08001690   0x00000188   Code   RO          150    i.SD_PowerON        stm32_eval_sdio_sd.o
    0x08001818   0x00000058   Code   RO          151    i.SD_ProcessIRQSrc  stm32_eval_sdio_sd.o
    0x08001870   0x000000e8   Code   RO          153    i.SD_ReadMultiBlocks  stm32_eval_sdio_sd.o
    0x08001958   0x00000034   Code   RO          154    i.SD_SelectDeselect  stm32_eval_sdio_sd.o
    0x0800198c   0x00000038   Code   RO          156    i.SD_SendStatus     stm32_eval_sdio_sd.o
    0x080019c4   0x00000034   Code   RO          158    i.SD_WaitReadOperation  stm32_eval_sdio_sd.o
    0x080019f8   0x0000003c   Code   RO          159    i.SD_WaitWriteOperation  stm32_eval_sdio_sd.o
    0x08001a34   0x0000011c   Code   RO          161    i.SD_WriteMultiBlocks  stm32_eval_sdio_sd.o
    0x08001b50   0x00000002   Code   RO          344    i.SVC_Handler       stm32f10x_it.o
    0x08001b52   0x00000008   Code   RO          455    i.SetSysClock       system_stm32f10x.o
    0x08001b5a   0x00000002   PAD
    0x08001b5c   0x000000e0   Code   RO          456    i.SetSysClockTo72   system_stm32f10x.o
    0x08001c3c   0x00000002   Code   RO          345    i.SysTick_Handler   stm32f10x_it.o
    0x08001c3e   0x00000002   PAD
    0x08001c40   0x00000060   Code   RO          458    i.SystemInit        system_stm32f10x.o
    0x08001ca0   0x00000018   Code   RO         1036    i.USART_Cmd         stm32f10x_usart.o
    0x08001cb8   0x0000001a   Code   RO         1039    i.USART_GetFlagStatus  stm32f10x_usart.o
    0x08001cd2   0x00000002   PAD
    0x08001cd4   0x000000d8   Code   RO         1043    i.USART_Init        stm32f10x_usart.o
    0x08001dac   0x00000008   Code   RO         1053    i.USART_SendData    stm32f10x_usart.o
    0x08001db4   0x00000004   Code   RO          346    i.UsageFault_Handler  stm32f10x_it.o
    0x08001db8   0x00000020   Code   RO         1354    i.__0printf$2       mc_w.l(printf2.o)
    0x08001dd8   0x0000000e   Code   RO         1590    i.__scatterload_copy  mc_w.l(handlers.o)
    0x08001de6   0x00000002   Code   RO         1591    i.__scatterload_null  mc_w.l(handlers.o)
    0x08001de8   0x0000000e   Code   RO         1592    i.__scatterload_zeroinit  mc_w.l(handlers.o)
    0x08001df6   0x000000d6   Code   RO         1361    i._printf_core      mc_w.l(printf2.o)
    0x08001ecc   0x00000020   Code   RO           16    i.eBuffercmp        main.o
    0x08001eec   0x00000024   Code   RO          109    i.fputc             usart.o
    0x08001f10   0x0000005c   Code   RO           17    i.main              main.o
    0x08001f6c   0x00000020   Data   RO         1588    Region$$Table       anon$$obj.o


    Execution Region RW_IRAM1 (Base: 0x20000000, Size: 0x000088f8, Max: 0x00010000, ABSOLUTE)

    Base Addr    Size         Type   Attr      Idx    E Section Name        Object

    0x20000000   0x00000008   Data   RW           19    .data               main.o
    0x20000008   0x00000014   Data   RW          164    .data               stm32_eval_sdio_sd.o
    0x2000001c   0x00000014   Data   RW          642    .data               stm32f10x_rcc.o
    0x20000030   0x00000004   Data   RW         1562    .data               mc_w.l(stdout.o)
    0x20000034   0x00008400   Zero   RW           18    .bss                main.o
    0x20008434   0x000000c4   Zero   RW          163    .bss                stm32_eval_sdio_sd.o
    0x200084f8   0x00000400   Zero   RW            1    STACK               startup_stm32f10x_hd.o


==============================================================================

Image component sizes


      Code (inc. data)   RO Data    RW Data    ZI Data      Debug   Object Name

       320         46          0          0          0      12285   dksd.o
       484         44          0          8      33792     247137   main.o
       132         22          0          0          0       1323   misc.o
        36          8        304          0       1024        788   startup_stm32f10x_hd.o
      4460        282          0         20        196      20215   stm32_eval_sdio_sd.o
       156         18          0          0          0       3565   stm32f10x_dma.o
       312          0          0          0          0       2842   stm32f10x_gpio.o
        34          0          0          0          0       3900   stm32f10x_it.o
       308         38          0         20          0       4618   stm32f10x_rcc.o
       372         86          0          0          0       8659   stm32f10x_sdio.o
       274          6          0          0          0       3684   stm32f10x_usart.o
       328         28          0          0          0       1733   system_stm32f10x.o
       180         12          0          0          0       7058   usart.o

    ----------------------------------------------------------------------
      7408        590        336         48      35012     317807   Object Totals
         0          0         32          0          0          0   (incl. Generated)
        12          0          0          0          0          0   (incl. Padding)

    ----------------------------------------------------------------------

      Code (inc. data)   RO Data    RW Data    ZI Data      Debug   Library Member Name

         0          0          0          0          0          0   entry.o
         0          0          0          0          0          0   entry10a.o
         0          0          0          0          0          0   entry11a.o
         8          4          0          0          0          0   entry2.o
         4          0          0          0          0          0   entry5.o
         0          0          0          0          0          0   entry7b.o
         0          0          0          0          0          0   entry8b.o
         8          4          0          0          0          0   entry9a.o
        30          0          0          0          0          0   handlers.o
        36          8          0          0          0         68   init.o
       246         10          0          0          0        176   printf2.o
         0          0          0          4          0          0   stdout.o

    ----------------------------------------------------------------------
       332         26          0          4          0        244   Library Totals
         0          0          0          0          0          0   (incl. Padding)

    ----------------------------------------------------------------------

      Code (inc. data)   RO Data    RW Data    ZI Data      Debug   Library Name

       332         26          0          4          0        244   mc_w.l

    ----------------------------------------------------------------------
       332         26          0          4          0        244   Library Totals

    ----------------------------------------------------------------------

==============================================================================


      Code (inc. data)   RO Data    RW Data    ZI Data      Debug   

      7740        616        336         52      35012     314095   Grand Totals
      7740        616        336         52      35012     314095   ELF Image Totals
      7740        616        336         52          0          0   ROM Totals

==============================================================================

    Total RO  Size (Code + RO Data)                 8076 (   7.89kB)
    Total RW  Size (RW Data + ZI Data)             35064 (  34.24kB)
    Total ROM Size (Code + RO Data + RW Data)       8128 (   7.94kB)

==============================================================================

